map "http://research.balgrist.ch/fhir2sphn/StructureMap/ConditionToProblemCondition" = "ConditionToProblemCondition"

// TODO: remove once fixed with schema 2025.2?
// Workaround: add '-'  suffix for groups
conceptmap "cm-icd10" {
  prefix s = "http://hl7.org/fhir/sid/icd-10"
  prefix t = "https://biomedit.ch/rdf/sphn-resource/icd-10-gm/"
  
  // unmapped for s == provided
  s:"A00" == t:"A00.-"
  s:"A01" == t:"A01.-"
  s:"A02" == t:"A02.-"
  s:"A03" == t:"A03.-"
  s:"A04" == t:"A04.-"
  s:"A04.7" == t:"A04.7-"
  s:"A05" == t:"A05.-"
  s:"A06" == t:"A06.-"
  s:"A07" == t:"A07.-"
  s:"A08" == t:"A08.-"
  s:"A09" == t:"A09.-"
  s:"A15" == t:"A15.-"
  s:"A16" == t:"A16.-"
  s:"A17" == t:"A17.-"
  s:"A18" == t:"A18.-"
  s:"A19" == t:"A19.-"
  s:"A20" == t:"A20.-"
  s:"A21" == t:"A21.-"
  s:"A22" == t:"A22.-"
  s:"A23" == t:"A23.-"
  s:"A24" == t:"A24.-"
  s:"A25" == t:"A25.-"
  s:"A26" == t:"A26.-"
  s:"A27" == t:"A27.-"
  s:"A28" == t:"A28.-"
  s:"A30" == t:"A30.-"
  s:"A31" == t:"A31.-"
  s:"A31.8" == t:"A31.8-"
  s:"A32" == t:"A32.-"
  s:"A36" == t:"A36.-"
  s:"A37" == t:"A37.-"
  s:"A39" == t:"A39.-"
  s:"A40" == t:"A40.-"
  s:"A41" == t:"A41.-"
  s:"A41.5" == t:"A41.5-"
  s:"A42" == t:"A42.-"
  s:"A43" == t:"A43.-"
  s:"A44" == t:"A44.-"
  s:"A48" == t:"A48.-"
  s:"A49" == t:"A49.-"
  s:"A50" == t:"A50.-"
  s:"A51" == t:"A51.-"
  s:"A52" == t:"A52.-"
  s:"A53" == t:"A53.-"
  s:"A54" == t:"A54.-"
  s:"A56" == t:"A56.-"
  s:"A59" == t:"A59.-"
  s:"A60" == t:"A60.-"
  s:"A63" == t:"A63.-"
  s:"A66" == t:"A66.-"
  s:"A67" == t:"A67.-"
  s:"A68" == t:"A68.-"
  s:"A69" == t:"A69.-"
  s:"A71" == t:"A71.-"
  s:"A74" == t:"A74.-"
  s:"A75" == t:"A75.-"
  s:"A77" == t:"A77.-"
  s:"A79" == t:"A79.-"
  s:"A80" == t:"A80.-"
  s:"A81" == t:"A81.-"
  s:"A82" == t:"A82.-"
  s:"A83" == t:"A83.-"
  s:"A84" == t:"A84.-"
  s:"A85" == t:"A85.-"
  s:"A87" == t:"A87.-"
  s:"A88" == t:"A88.-"
  s:"A92" == t:"A92.-"
  s:"A93" == t:"A93.-"
  s:"A95" == t:"A95.-"
  s:"A96" == t:"A96.-"
  s:"A97" == t:"A97.-"
  s:"A98" == t:"A98.-"
  s:"B00" == t:"B00.-"
  s:"B01" == t:"B01.-"
  s:"B02" == t:"B02.-"
  s:"B05" == t:"B05.-"
  s:"B06" == t:"B06.-"
  s:"B08" == t:"B08.-"
  s:"B15" == t:"B15.-"
  s:"B16" == t:"B16.-"
  s:"B17" == t:"B17.-"
  s:"B18" == t:"B18.-"
  s:"B18.1" == t:"B18.1-"
  s:"B19" == t:"B19.-"
  s:"B23" == t:"B23.-"
  s:"B25" == t:"B25.-"
  s:"B25.8" == t:"B25.8-"
  s:"B26" == t:"B26.-"
  s:"B27" == t:"B27.-"
  s:"B30" == t:"B30.-"
  s:"B33" == t:"B33.-"
  s:"B34" == t:"B34.-"
  s:"B35" == t:"B35.-"
  s:"B36" == t:"B36.-"
  s:"B37" == t:"B37.-"
  s:"B37.8" == t:"B37.8-"
  s:"B38" == t:"B38.-"
  s:"B39" == t:"B39.-"
  s:"B40" == t:"B40.-"
  s:"B41" == t:"B41.-"
  s:"B42" == t:"B42.-"
  s:"B43" == t:"B43.-"
  s:"B44" == t:"B44.-"
  s:"B45" == t:"B45.-"
  s:"B46" == t:"B46.-"
  s:"B47" == t:"B47.-"
  s:"B48" == t:"B48.-"
  s:"B50" == t:"B50.-"
  s:"B51" == t:"B51.-"
  s:"B52" == t:"B52.-"
  s:"B53" == t:"B53.-"
  s:"B55" == t:"B55.-"
  s:"B56" == t:"B56.-"
  s:"B57" == t:"B57.-"
  s:"B58" == t:"B58.-"
  s:"B60" == t:"B60.-"
  s:"B65" == t:"B65.-"
  s:"B66" == t:"B66.-"
  s:"B67" == t:"B67.-"
  s:"B68" == t:"B68.-"
  s:"B69" == t:"B69.-"
  s:"B70" == t:"B70.-"
  s:"B71" == t:"B71.-"
  s:"B74" == t:"B74.-"
  s:"B76" == t:"B76.-"
  s:"B77" == t:"B77.-"
  s:"B78" == t:"B78.-"
  s:"B81" == t:"B81.-"
  s:"B82" == t:"B82.-"
  s:"B83" == t:"B83.-"
  s:"B85" == t:"B85.-"
  s:"B87" == t:"B87.-"
  s:"B88" == t:"B88.-"
  s:"B90" == t:"B90.-"
  s:"B94" == t:"B94.-"
  s:"C00" == t:"C00.-"
  s:"C02" == t:"C02.-"
  s:"C03" == t:"C03.-"
  s:"C04" == t:"C04.-"
  s:"C05" == t:"C05.-"
  s:"C06" == t:"C06.-"
  s:"C08" == t:"C08.-"
  s:"C09" == t:"C09.-"
  s:"C10" == t:"C10.-"
  s:"C11" == t:"C11.-"
  s:"C13" == t:"C13.-"
  s:"C14" == t:"C14.-"
  s:"C15" == t:"C15.-"
  s:"C16" == t:"C16.-"
  s:"C17" == t:"C17.-"
  s:"C18" == t:"C18.-"
  s:"C21" == t:"C21.-"
  s:"C22" == t:"C22.-"
  s:"C24" == t:"C24.-"
  s:"C25" == t:"C25.-"
  s:"C26" == t:"C26.-"
  s:"C30" == t:"C30.-"
  s:"C31" == t:"C31.-"
  s:"C32" == t:"C32.-"
  s:"C34" == t:"C34.-"
  s:"C38" == t:"C38.-"
  s:"C39" == t:"C39.-"
  s:"C40" == t:"C40.-"
  s:"C41" == t:"C41.-"
  s:"C41.0" == t:"C41.0-"
  s:"C41.3" == t:"C41.3-"
  s:"C43" == t:"C43.-"
  s:"C44" == t:"C44.-"
  s:"C45" == t:"C45.-"
  s:"C46" == t:"C46.-"
  s:"C47" == t:"C47.-"
  s:"C48" == t:"C48.-"
  s:"C49" == t:"C49.-"
  s:"C50" == t:"C50.-"
  s:"C51" == t:"C51.-"
  s:"C53" == t:"C53.-"
  s:"C54" == t:"C54.-"
  s:"C57" == t:"C57.-"
  s:"C60" == t:"C60.-"
  s:"C62" == t:"C62.-"
  s:"C63" == t:"C63.-"
  s:"C67" == t:"C67.-"
  s:"C68" == t:"C68.-"
  s:"C69" == t:"C69.-"
  s:"C70" == t:"C70.-"
  s:"C71" == t:"C71.-"
  s:"C72" == t:"C72.-"
  s:"C74" == t:"C74.-"
  s:"C75" == t:"C75.-"
  s:"C76" == t:"C76.-"
  s:"C77" == t:"C77.-"
  s:"C78" == t:"C78.-"
  s:"C79" == t:"C79.-"
  s:"C79.8" == t:"C79.8-"
  s:"C80" == t:"C80.-"
  s:"C81" == t:"C81.-"
  s:"C82" == t:"C82.-"
  s:"C83" == t:"C83.-"
  s:"C84" == t:"C84.-"
  s:"C85" == t:"C85.-"
  s:"C86" == t:"C86.-"
  s:"C88" == t:"C88.-"
  s:"C88.0" == t:"C88.0-"
  s:"C88.2" == t:"C88.2-"
  s:"C88.3" == t:"C88.3-"
  s:"C88.4" == t:"C88.4-"
  s:"C88.7" == t:"C88.7-"
  s:"C88.9" == t:"C88.9-"
  s:"C90" == t:"C90.-"
  s:"C90.0" == t:"C90.0-"
  s:"C90.1" == t:"C90.1-"
  s:"C90.2" == t:"C90.2-"
  s:"C90.3" == t:"C90.3-"
  s:"C91" == t:"C91.-"
  s:"C91.0" == t:"C91.0-"
  s:"C91.1" == t:"C91.1-"
  s:"C91.3" == t:"C91.3-"
  s:"C91.4" == t:"C91.4-"
  s:"C91.5" == t:"C91.5-"
  s:"C91.6" == t:"C91.6-"
  s:"C91.7" == t:"C91.7-"
  s:"C91.8" == t:"C91.8-"
  s:"C91.9" == t:"C91.9-"
  s:"C92" == t:"C92.-"
  s:"C92.0" == t:"C92.0-"
  s:"C92.1" == t:"C92.1-"
  s:"C92.2" == t:"C92.2-"
  s:"C92.3" == t:"C92.3-"
  s:"C92.4" == t:"C92.4-"
  s:"C92.5" == t:"C92.5-"
  s:"C92.6" == t:"C92.6-"
  s:"C92.7" == t:"C92.7-"
  s:"C92.8" == t:"C92.8-"
  s:"C92.9" == t:"C92.9-"
  s:"C93" == t:"C93.-"
  s:"C93.0" == t:"C93.0-"
  s:"C93.1" == t:"C93.1-"
  s:"C93.3" == t:"C93.3-"
  s:"C93.7" == t:"C93.7-"
  s:"C93.9" == t:"C93.9-"
  s:"C94" == t:"C94.-"
  s:"C94.0" == t:"C94.0-"
  s:"C94.2" == t:"C94.2-"
  s:"C94.3" == t:"C94.3-"
  s:"C94.4" == t:"C94.4-"
  s:"C94.6" == t:"C94.6-"
  s:"C94.7" == t:"C94.7-"
  s:"C95" == t:"C95.-"
  s:"C95.0" == t:"C95.0-"
  s:"C95.1" == t:"C95.1-"
  s:"C95.7" == t:"C95.7-"
  s:"C95.9" == t:"C95.9-"
  s:"C96" == t:"C96.-"
  s:"D00" == t:"D00.-"
  s:"D01" == t:"D01.-"
  s:"D02" == t:"D02.-"
  s:"D03" == t:"D03.-"
  s:"D04" == t:"D04.-"
  s:"D05" == t:"D05.-"
  s:"D06" == t:"D06.-"
  s:"D07" == t:"D07.-"
  s:"D09" == t:"D09.-"
  s:"D10" == t:"D10.-"
  s:"D11" == t:"D11.-"
  s:"D12" == t:"D12.-"
  s:"D13" == t:"D13.-"
  s:"D14" == t:"D14.-"
  s:"D15" == t:"D15.-"
  s:"D16" == t:"D16.-"
  s:"D16.4" == t:"D16.4-"
  s:"D16.7" == t:"D16.7-"
  s:"D17" == t:"D17.-"
  s:"D18" == t:"D18.-"
  s:"D18.0" == t:"D18.0-"
  s:"D18.1" == t:"D18.1-"
  s:"D19" == t:"D19.-"
  s:"D20" == t:"D20.-"
  s:"D21" == t:"D21.-"
  s:"D22" == t:"D22.-"
  s:"D23" == t:"D23.-"
  s:"D25" == t:"D25.-"
  s:"D26" == t:"D26.-"
  s:"D28" == t:"D28.-"
  s:"D29" == t:"D29.-"
  s:"D30" == t:"D30.-"
  s:"D31" == t:"D31.-"
  s:"D32" == t:"D32.-"
  s:"D33" == t:"D33.-"
  s:"D35" == t:"D35.-"
  s:"D36" == t:"D36.-"
  s:"D37" == t:"D37.-"
  s:"D37.7" == t:"D37.7-"
  s:"D38" == t:"D38.-"
  s:"D39" == t:"D39.-"
  s:"D40" == t:"D40.-"
  s:"D41" == t:"D41.-"
  s:"D42" == t:"D42.-"
  s:"D43" == t:"D43.-"
  s:"D44" == t:"D44.-"
  s:"D46" == t:"D46.-"
  s:"D47" == t:"D47.-"
  s:"D48" == t:"D48.-"
  s:"D50" == t:"D50.-"
  s:"D51" == t:"D51.-"
  s:"D52" == t:"D52.-"
  s:"D53" == t:"D53.-"
  s:"D55" == t:"D55.-"
  s:"D56" == t:"D56.-"
  s:"D57" == t:"D57.-"
  s:"D58" == t:"D58.-"
  s:"D59" == t:"D59.-"
  s:"D60" == t:"D60.-"
  s:"D61" == t:"D61.-"
  s:"D61.1" == t:"D61.1-"
  s:"D63" == t:"D63.-"
  s:"D64" == t:"D64.-"
  s:"D65" == t:"D65.-"
  s:"D68" == t:"D68.-"
  s:"D68.0" == t:"D68.0-"
  s:"D68.2" == t:"D68.2-"
  s:"D68.3" == t:"D68.3-"
  s:"D69" == t:"D69.-"
  s:"D69.4" == t:"D69.4-"
  s:"D69.5" == t:"D69.5-"
  s:"D69.6" == t:"D69.6-"
  s:"D69.8" == t:"D69.8-"
  s:"D70" == t:"D70.-"
  s:"D70.1" == t:"D70.1-"
  s:"D72" == t:"D72.-"
  s:"D73" == t:"D73.-"
  s:"D74" == t:"D74.-"
  s:"D75" == t:"D75.-"
  s:"D76" == t:"D76.-"
  s:"D80" == t:"D80.-"
  s:"D81" == t:"D81.-"
  s:"D82" == t:"D82.-"
  s:"D83" == t:"D83.-"
  s:"D84" == t:"D84.-"
  s:"D86" == t:"D86.-"
  s:"D89" == t:"D89.-"
  s:"E00" == t:"E00.-"
  s:"E01" == t:"E01.-"
  s:"E03" == t:"E03.-"
  s:"E04" == t:"E04.-"
  s:"E05" == t:"E05.-"
  s:"E06" == t:"E06.-"
  s:"E07" == t:"E07.-"
  s:"E10" == t:"E10.-"
  s:"E10.0" == t:"E10.0-"
  s:"E10.1" == t:"E10.1-"
  s:"E10.2" == t:"E10.2-"
  s:"E10.3" == t:"E10.3-"
  s:"E10.4" == t:"E10.4-"
  s:"E10.5" == t:"E10.5-"
  s:"E10.6" == t:"E10.6-"
  s:"E10.7" == t:"E10.7-"
  s:"E10.8" == t:"E10.8-"
  s:"E10.9" == t:"E10.9-"
  s:"E11" == t:"E11.-"
  s:"E11.0" == t:"E11.0-"
  s:"E11.1" == t:"E11.1-"
  s:"E11.2" == t:"E11.2-"
  s:"E11.3" == t:"E11.3-"
  s:"E11.4" == t:"E11.4-"
  s:"E11.5" == t:"E11.5-"
  s:"E11.6" == t:"E11.6-"
  s:"E11.7" == t:"E11.7-"
  s:"E11.8" == t:"E11.8-"
  s:"E11.9" == t:"E11.9-"
  s:"E12" == t:"E12.-"
  s:"E12.0" == t:"E12.0-"
  s:"E12.1" == t:"E12.1-"
  s:"E12.2" == t:"E12.2-"
  s:"E12.3" == t:"E12.3-"
  s:"E12.4" == t:"E12.4-"
  s:"E12.5" == t:"E12.5-"
  s:"E12.6" == t:"E12.6-"
  s:"E12.7" == t:"E12.7-"
  s:"E12.8" == t:"E12.8-"
  s:"E12.9" == t:"E12.9-"
  s:"E13" == t:"E13.-"
  s:"E13.0" == t:"E13.0-"
  s:"E13.1" == t:"E13.1-"
  s:"E13.2" == t:"E13.2-"
  s:"E13.3" == t:"E13.3-"
  s:"E13.4" == t:"E13.4-"
  s:"E13.5" == t:"E13.5-"
  s:"E13.6" == t:"E13.6-"
  s:"E13.7" == t:"E13.7-"
  s:"E13.8" == t:"E13.8-"
  s:"E13.9" == t:"E13.9-"
  s:"E14" == t:"E14.-"
  s:"E14.0" == t:"E14.0-"
  s:"E14.1" == t:"E14.1-"
  s:"E14.2" == t:"E14.2-"
  s:"E14.3" == t:"E14.3-"
  s:"E14.4" == t:"E14.4-"
  s:"E14.5" == t:"E14.5-"
  s:"E14.6" == t:"E14.6-"
  s:"E14.7" == t:"E14.7-"
  s:"E14.8" == t:"E14.8-"
  s:"E14.9" == t:"E14.9-"
  s:"E16" == t:"E16.-"
  s:"E20" == t:"E20.-"
  s:"E21" == t:"E21.-"
  s:"E22" == t:"E22.-"
  s:"E23" == t:"E23.-"
  s:"E24" == t:"E24.-"
  s:"E25" == t:"E25.-"
  s:"E25.0" == t:"E25.0-"
  s:"E26" == t:"E26.-"
  s:"E27" == t:"E27.-"
  s:"E28" == t:"E28.-"
  s:"E29" == t:"E29.-"
  s:"E30" == t:"E30.-"
  s:"E31" == t:"E31.-"
  s:"E32" == t:"E32.-"
  s:"E34" == t:"E34.-"
  s:"E34.5" == t:"E34.5-"
  s:"E35" == t:"E35.-"
  s:"E44" == t:"E44.-"
  s:"E50" == t:"E50.-"
  s:"E51" == t:"E51.-"
  s:"E53" == t:"E53.-"
  s:"E55" == t:"E55.-"
  s:"E56" == t:"E56.-"
  s:"E61" == t:"E61.-"
  s:"E63" == t:"E63.-"
  s:"E64" == t:"E64.-"
  s:"E66" == t:"E66.-"
  s:"E66.0" == t:"E66.0-"
  s:"E66.1" == t:"E66.1-"
  s:"E66.2" == t:"E66.2-"
  s:"E66.8" == t:"E66.8-"
  s:"E66.9" == t:"E66.9-"
  s:"E67" == t:"E67.-"
  s:"E70" == t:"E70.-"
  s:"E71" == t:"E71.-"
  s:"E72" == t:"E72.-"
  s:"E73" == t:"E73.-"
  s:"E74" == t:"E74.-"
  s:"E75" == t:"E75.-"
  s:"E76" == t:"E76.-"
  s:"E77" == t:"E77.-"
  s:"E78" == t:"E78.-"
  s:"E79" == t:"E79.-"
  s:"E80" == t:"E80.-"
  s:"E83" == t:"E83.-"
  s:"E83.3" == t:"E83.3-"
  s:"E83.5" == t:"E83.5-"
  s:"E84" == t:"E84.-"
  s:"E84.8" == t:"E84.8-"
  s:"E85" == t:"E85.-"
  s:"E87" == t:"E87.-"
  s:"E88" == t:"E88.-"
  s:"E88.2" == t:"E88.2-"
  s:"E89" == t:"E89.-"
  s:"F00" == t:"F00.-"
  s:"F01" == t:"F01.-"
  s:"F02" == t:"F02.-"
  s:"F05" == t:"F05.-"
  s:"F06" == t:"F06.-"
  s:"F07" == t:"F07.-"
  s:"F10" == t:"F10.-"
  s:"F11" == t:"F11.-"
  s:"F12" == t:"F12.-"
  s:"F13" == t:"F13.-"
  s:"F14" == t:"F14.-"
  s:"F15" == t:"F15.-"
  s:"F16" == t:"F16.-"
  s:"F17" == t:"F17.-"
  s:"F18" == t:"F18.-"
  s:"F19" == t:"F19.-"
  s:"F20" == t:"F20.-"
  s:"F22" == t:"F22.-"
  s:"F23" == t:"F23.-"
  s:"F25" == t:"F25.-"
  s:"F30" == t:"F30.-"
  s:"F31" == t:"F31.-"
  s:"F32" == t:"F32.-"
  s:"F33" == t:"F33.-"
  s:"F34" == t:"F34.-"
  s:"F38" == t:"F38.-"
  s:"F40" == t:"F40.-"
  s:"F40.0" == t:"F40.0-"
  s:"F41" == t:"F41.-"
  s:"F42" == t:"F42.-"
  s:"F43" == t:"F43.-"
  s:"F44" == t:"F44.-"
  s:"F44.8" == t:"F44.8-"
  s:"F45" == t:"F45.-"
  s:"F45.3" == t:"F45.3-"
  s:"F45.4" == t:"F45.4-"
  s:"F48" == t:"F48.-"
  s:"F50" == t:"F50.-"
  s:"F50.0" == t:"F50.0-"
  s:"F51" == t:"F51.-"
  s:"F52" == t:"F52.-"
  s:"F53" == t:"F53.-"
  s:"F55" == t:"F55.-"
  s:"F60" == t:"F60.-"
  s:"F60.3" == t:"F60.3-"
  s:"F62" == t:"F62.-"
  s:"F62.8" == t:"F62.8-"
  s:"F63" == t:"F63.-"
  s:"F64" == t:"F64.-"
  s:"F65" == t:"F65.-"
  s:"F66" == t:"F66.-"
  s:"F68" == t:"F68.-"
  s:"F70" == t:"F70.-"
  s:"F71" == t:"F71.-"
  s:"F72" == t:"F72.-"
  s:"F73" == t:"F73.-"
  s:"F74" == t:"F74.-"
  s:"F78" == t:"F78.-"
  s:"F79" == t:"F79.-"
  s:"F80" == t:"F80.-"
  s:"F80.2" == t:"F80.2-"
  s:"F81" == t:"F81.-"
  s:"F82" == t:"F82.-"
  s:"F84" == t:"F84.-"
  s:"F90" == t:"F90.-"
  s:"F91" == t:"F91.-"
  s:"F92" == t:"F92.-"
  s:"F93" == t:"F93.-"
  s:"F94" == t:"F94.-"
  s:"F95" == t:"F95.-"
  s:"F98" == t:"F98.-"
  s:"F98.0" == t:"F98.0-"
  s:"F98.4" == t:"F98.4-"
  s:"F98.8" == t:"F98.8-"
  s:"G00" == t:"G00.-"
  s:"G02" == t:"G02.-"
  s:"G03" == t:"G03.-"
  s:"G04" == t:"G04.-"
  s:"G05" == t:"G05.-"
  s:"G06" == t:"G06.-"
  s:"G11" == t:"G11.-"
  s:"G12" == t:"G12.-"
  s:"G13" == t:"G13.-"
  s:"G20" == t:"G20.-"
  s:"G20.0" == t:"G20.0-"
  s:"G20.1" == t:"G20.1-"
  s:"G20.2" == t:"G20.2-"
  s:"G20.9" == t:"G20.9-"
  s:"G21" == t:"G21.-"
  s:"G23" == t:"G23.-"
  s:"G24" == t:"G24.-"
  s:"G25" == t:"G25.-"
  s:"G25.8" == t:"G25.8-"
  s:"G30" == t:"G30.-"
  s:"G31" == t:"G31.-"
  s:"G31.8" == t:"G31.8-"
  s:"G32" == t:"G32.-"
  s:"G35" == t:"G35.-"
  s:"G35.1" == t:"G35.1-"
  s:"G35.2" == t:"G35.2-"
  s:"G35.3" == t:"G35.3-"
  s:"G36" == t:"G36.-"
  s:"G37" == t:"G37.-"
  s:"G40" == t:"G40.-"
  s:"G40.0" == t:"G40.0-"
  s:"G41" == t:"G41.-"
  s:"G43" == t:"G43.-"
  s:"G44" == t:"G44.-"
  s:"G45" == t:"G45.-"
  s:"G45.0" == t:"G45.0-"
  s:"G45.1" == t:"G45.1-"
  s:"G45.2" == t:"G45.2-"
  s:"G45.3" == t:"G45.3-"
  s:"G45.4" == t:"G45.4-"
  s:"G45.8" == t:"G45.8-"
  s:"G45.9" == t:"G45.9-"
  s:"G46" == t:"G46.-"
  s:"G47" == t:"G47.-"
  s:"G47.3" == t:"G47.3-"
  s:"G50" == t:"G50.-"
  s:"G51" == t:"G51.-"
  s:"G52" == t:"G52.-"
  s:"G53" == t:"G53.-"
  s:"G54" == t:"G54.-"
  s:"G55" == t:"G55.-"
  s:"G56" == t:"G56.-"
  s:"G57" == t:"G57.-"
  s:"G58" == t:"G58.-"
  s:"G59" == t:"G59.-"
  s:"G60" == t:"G60.-"
  s:"G61" == t:"G61.-"
  s:"G62" == t:"G62.-"
  s:"G62.8" == t:"G62.8-"
  s:"G63" == t:"G63.-"
  s:"G70" == t:"G70.-"
  s:"G71" == t:"G71.-"
  s:"G72" == t:"G72.-"
  s:"G72.8" == t:"G72.8-"
  s:"G73" == t:"G73.-"
  s:"G80" == t:"G80.-"
  s:"G81" == t:"G81.-"
  s:"G82" == t:"G82.-"
  s:"G82.0" == t:"G82.0-"
  s:"G82.1" == t:"G82.1-"
  s:"G82.2" == t:"G82.2-"
  s:"G82.3" == t:"G82.3-"
  s:"G82.4" == t:"G82.4-"
  s:"G82.5" == t:"G82.5-"
  s:"G83" == t:"G83.-"
  s:"G83.4" == t:"G83.4-"
  s:"G90" == t:"G90.-"
  s:"G90.0" == t:"G90.0-"
  s:"G90.4" == t:"G90.4-"
  s:"G90.5" == t:"G90.5-"
  s:"G90.6" == t:"G90.6-"
  s:"G90.7" == t:"G90.7-"
  s:"G91" == t:"G91.-"
  s:"G91.2" == t:"G91.2-"
  s:"G92" == t:"G92.-"
  s:"G93" == t:"G93.-"
  s:"G93.8" == t:"G93.8-"
  s:"G94" == t:"G94.-"
  s:"G94.3" == t:"G94.3-"
  s:"G95" == t:"G95.-"
  s:"G95.1" == t:"G95.1-"
  s:"G95.8" == t:"G95.8-"
  s:"G96" == t:"G96.-"
  s:"G97" == t:"G97.-"
  s:"G97.8" == t:"G97.8-"
  s:"G99" == t:"G99.-"
  s:"G99.0" == t:"G99.0-"
  s:"H00" == t:"H00.-"
  s:"H01" == t:"H01.-"
  s:"H02" == t:"H02.-"
  s:"H03" == t:"H03.-"
  s:"H04" == t:"H04.-"
  s:"H05" == t:"H05.-"
  s:"H06" == t:"H06.-"
  s:"H10" == t:"H10.-"
  s:"H11" == t:"H11.-"
  s:"H13" == t:"H13.-"
  s:"H15" == t:"H15.-"
  s:"H16" == t:"H16.-"
  s:"H17" == t:"H17.-"
  s:"H18" == t:"H18.-"
  s:"H19" == t:"H19.-"
  s:"H20" == t:"H20.-"
  s:"H21" == t:"H21.-"
  s:"H22" == t:"H22.-"
  s:"H25" == t:"H25.-"
  s:"H26" == t:"H26.-"
  s:"H27" == t:"H27.-"
  s:"H28" == t:"H28.-"
  s:"H30" == t:"H30.-"
  s:"H31" == t:"H31.-"
  s:"H32" == t:"H32.-"
  s:"H33" == t:"H33.-"
  s:"H34" == t:"H34.-"
  s:"H35" == t:"H35.-"
  s:"H35.3" == t:"H35.3-"
  s:"H36" == t:"H36.-"
  s:"H40" == t:"H40.-"
  s:"H42" == t:"H42.-"
  s:"H43" == t:"H43.-"
  s:"H44" == t:"H44.-"
  s:"H45" == t:"H45.-"
  s:"H47" == t:"H47.-"
  s:"H48" == t:"H48.-"
  s:"H49" == t:"H49.-"
  s:"H50" == t:"H50.-"
  s:"H51" == t:"H51.-"
  s:"H52" == t:"H52.-"
  s:"H53" == t:"H53.-"
  s:"H54" == t:"H54.-"
  s:"H57" == t:"H57.-"
  s:"H58" == t:"H58.-"
  s:"H58.2" == t:"H58.2-"
  s:"H59" == t:"H59.-"
  s:"H60" == t:"H60.-"
  s:"H61" == t:"H61.-"
  s:"H62" == t:"H62.-"
  s:"H65" == t:"H65.-"
  s:"H66" == t:"H66.-"
  s:"H67" == t:"H67.-"
  s:"H68" == t:"H68.-"
  s:"H69" == t:"H69.-"
  s:"H70" == t:"H70.-"
  s:"H72" == t:"H72.-"
  s:"H73" == t:"H73.-"
  s:"H74" == t:"H74.-"
  s:"H75" == t:"H75.-"
  s:"H80" == t:"H80.-"
  s:"H81" == t:"H81.-"
  s:"H83" == t:"H83.-"
  s:"H90" == t:"H90.-"
  s:"H91" == t:"H91.-"
  s:"H92" == t:"H92.-"
  s:"H93" == t:"H93.-"
  s:"H94" == t:"H94.-"
  s:"H95" == t:"H95.-"
  s:"I01" == t:"I01.-"
  s:"I02" == t:"I02.-"
  s:"I05" == t:"I05.-"
  s:"I06" == t:"I06.-"
  s:"I07" == t:"I07.-"
  s:"I08" == t:"I08.-"
  s:"I09" == t:"I09.-"
  s:"I10" == t:"I10.-"
  s:"I10.0" == t:"I10.0-"
  s:"I10.1" == t:"I10.1-"
  s:"I10.9" == t:"I10.9-"
  s:"I11" == t:"I11.-"
  s:"I11.0" == t:"I11.0-"
  s:"I11.9" == t:"I11.9-"
  s:"I12" == t:"I12.-"
  s:"I12.0" == t:"I12.0-"
  s:"I12.9" == t:"I12.9-"
  s:"I13" == t:"I13.-"
  s:"I13.0" == t:"I13.0-"
  s:"I13.1" == t:"I13.1-"
  s:"I13.2" == t:"I13.2-"
  s:"I13.9" == t:"I13.9-"
  s:"I15" == t:"I15.-"
  s:"I15.0" == t:"I15.0-"
  s:"I15.1" == t:"I15.1-"
  s:"I15.2" == t:"I15.2-"
  s:"I15.8" == t:"I15.8-"
  s:"I15.9" == t:"I15.9-"
  s:"I20" == t:"I20.-"
  s:"I21" == t:"I21.-"
  s:"I22" == t:"I22.-"
  s:"I23" == t:"I23.-"
  s:"I24" == t:"I24.-"
  s:"I25" == t:"I25.-"
  s:"I25.1" == t:"I25.1-"
  s:"I25.2" == t:"I25.2-"
  s:"I26" == t:"I26.-"
  s:"I27" == t:"I27.-"
  s:"I27.2" == t:"I27.2-"
  s:"I28" == t:"I28.-"
  s:"I30" == t:"I30.-"
  s:"I31" == t:"I31.-"
  s:"I31.8" == t:"I31.8-"
  s:"I32" == t:"I32.-"
  s:"I33" == t:"I33.-"
  s:"I34" == t:"I34.-"
  s:"I34.8" == t:"I34.8-"
  s:"I35" == t:"I35.-"
  s:"I36" == t:"I36.-"
  s:"I37" == t:"I37.-"
  s:"I39" == t:"I39.-"
  s:"I40" == t:"I40.-"
  s:"I41" == t:"I41.-"
  s:"I42" == t:"I42.-"
  s:"I42.8" == t:"I42.8-"
  s:"I43" == t:"I43.-"
  s:"I44" == t:"I44.-"
  s:"I45" == t:"I45.-"
  s:"I46" == t:"I46.-"
  s:"I47" == t:"I47.-"
  s:"I48" == t:"I48.-"
  s:"I49" == t:"I49.-"
  s:"I50" == t:"I50.-"
  s:"I50.0" == t:"I50.0-"
  s:"I50.1" == t:"I50.1-"
  s:"I51" == t:"I51.-"
  s:"I52" == t:"I52.-"
  s:"I60" == t:"I60.-"
  s:"I61" == t:"I61.-"
  s:"I62" == t:"I62.-"
  s:"I62.0" == t:"I62.0-"
  s:"I63" == t:"I63.-"
  s:"I65" == t:"I65.-"
  s:"I66" == t:"I66.-"
  s:"I67" == t:"I67.-"
  s:"I67.1" == t:"I67.1-"
  s:"I67.8" == t:"I67.8-"
  s:"I68" == t:"I68.-"
  s:"I69" == t:"I69.-"
  s:"I70" == t:"I70.-"
  s:"I70.2" == t:"I70.2-"
  s:"I71" == t:"I71.-"
  s:"I71.0" == t:"I71.0-"
  s:"I72" == t:"I72.-"
  s:"I73" == t:"I73.-"
  s:"I74" == t:"I74.-"
  s:"I77" == t:"I77.-"
  s:"I77.8" == t:"I77.8-"
  s:"I78" == t:"I78.-"
  s:"I79" == t:"I79.-"
  s:"I80" == t:"I80.-"
  s:"I80.2" == t:"I80.2-"
  s:"I80.8" == t:"I80.8-"
  s:"I82" == t:"I82.-"
  s:"I82.8" == t:"I82.8-"
  s:"I83" == t:"I83.-"
  s:"I85" == t:"I85.-"
  s:"I86" == t:"I86.-"
  s:"I86.8" == t:"I86.8-"
  s:"I87" == t:"I87.-"
  s:"I87.0" == t:"I87.0-"
  s:"I87.2" == t:"I87.2-"
  s:"I88" == t:"I88.-"
  s:"I89" == t:"I89.-"
  s:"I89.0" == t:"I89.0-"
  s:"I95" == t:"I95.-"
  s:"I97" == t:"I97.-"
  s:"I97.2" == t:"I97.2-"
  s:"I97.8" == t:"I97.8-"
  s:"I98" == t:"I98.-"
  s:"J01" == t:"J01.-"
  s:"J02" == t:"J02.-"
  s:"J03" == t:"J03.-"
  s:"J04" == t:"J04.-"
  s:"J05" == t:"J05.-"
  s:"J06" == t:"J06.-"
  s:"J10" == t:"J10.-"
  s:"J11" == t:"J11.-"
  s:"J12" == t:"J12.-"
  s:"J15" == t:"J15.-"
  s:"J16" == t:"J16.-"
  s:"J17" == t:"J17.-"
  s:"J18" == t:"J18.-"
  s:"J20" == t:"J20.-"
  s:"J21" == t:"J21.-"
  s:"J30" == t:"J30.-"
  s:"J31" == t:"J31.-"
  s:"J32" == t:"J32.-"
  s:"J33" == t:"J33.-"
  s:"J34" == t:"J34.-"
  s:"J35" == t:"J35.-"
  s:"J37" == t:"J37.-"
  s:"J38" == t:"J38.-"
  s:"J38.0" == t:"J38.0-"
  s:"J39" == t:"J39.-"
  s:"J39.8" == t:"J39.8-"
  s:"J41" == t:"J41.-"
  s:"J43" == t:"J43.-"
  s:"J44" == t:"J44.-"
  s:"J44.0" == t:"J44.0-"
  s:"J44.1" == t:"J44.1-"
  s:"J44.8" == t:"J44.8-"
  s:"J44.9" == t:"J44.9-"
  s:"J45" == t:"J45.-"
  s:"J62" == t:"J62.-"
  s:"J63" == t:"J63.-"
  s:"J66" == t:"J66.-"
  s:"J67" == t:"J67.-"
  s:"J68" == t:"J68.-"
  s:"J69" == t:"J69.-"
  s:"J70" == t:"J70.-"
  s:"J80" == t:"J80.-"
  s:"J80.0" == t:"J80.0-"
  s:"J84" == t:"J84.-"
  s:"J85" == t:"J85.-"
  s:"J86" == t:"J86.-"
  s:"J92" == t:"J92.-"
  s:"J93" == t:"J93.-"
  s:"J94" == t:"J94.-"
  s:"J95" == t:"J95.-"
  s:"J95.8" == t:"J95.8-"
  s:"J96" == t:"J96.-"
  s:"J96.0" == t:"J96.0-"
  s:"J96.1" == t:"J96.1-"
  s:"J96.9" == t:"J96.9-"
  s:"J98" == t:"J98.-"
  s:"J98.1" == t:"J98.1-"
  s:"J98.5" == t:"J98.5-"
  s:"J99" == t:"J99.-"
  s:"J99.2" == t:"J99.2-"
  s:"K00" == t:"K00.-"
  s:"K01" == t:"K01.-"
  s:"K02" == t:"K02.-"
  s:"K03" == t:"K03.-"
  s:"K04" == t:"K04.-"
  s:"K05" == t:"K05.-"
  s:"K06" == t:"K06.-"
  s:"K07" == t:"K07.-"
  s:"K08" == t:"K08.-"
  s:"K08.8" == t:"K08.8-"
  s:"K09" == t:"K09.-"
  s:"K10" == t:"K10.-"
  s:"K10.2" == t:"K10.2-"
  s:"K11" == t:"K11.-"
  s:"K12" == t:"K12.-"
  s:"K12.2" == t:"K12.2-"
  s:"K13" == t:"K13.-"
  s:"K14" == t:"K14.-"
  s:"K21" == t:"K21.-"
  s:"K22" == t:"K22.-"
  s:"K22.8" == t:"K22.8-"
  s:"K23" == t:"K23.-"
  s:"K25" == t:"K25.-"
  s:"K26" == t:"K26.-"
  s:"K27" == t:"K27.-"
  s:"K28" == t:"K28.-"
  s:"K29" == t:"K29.-"
  s:"K31" == t:"K31.-"
  s:"K31.1" == t:"K31.1-"
  s:"K31.8" == t:"K31.8-"
  s:"K35" == t:"K35.-"
  s:"K35.3" == t:"K35.3-"
  s:"K38" == t:"K38.-"
  s:"K40" == t:"K40.-"
  s:"K40.0" == t:"K40.0-"
  s:"K40.1" == t:"K40.1-"
  s:"K40.2" == t:"K40.2-"
  s:"K40.3" == t:"K40.3-"
  s:"K40.4" == t:"K40.4-"
  s:"K40.9" == t:"K40.9-"
  s:"K41" == t:"K41.-"
  s:"K41.0" == t:"K41.0-"
  s:"K41.1" == t:"K41.1-"
  s:"K41.2" == t:"K41.2-"
  s:"K41.3" == t:"K41.3-"
  s:"K41.4" == t:"K41.4-"
  s:"K41.9" == t:"K41.9-"
  s:"K42" == t:"K42.-"
  s:"K43" == t:"K43.-"
  s:"K43.6" == t:"K43.6-"
  s:"K43.7" == t:"K43.7-"
  s:"K43.9" == t:"K43.9-"
  s:"K44" == t:"K44.-"
  s:"K45" == t:"K45.-"
  s:"K46" == t:"K46.-"
  s:"K50" == t:"K50.-"
  s:"K50.8" == t:"K50.8-"
  s:"K51" == t:"K51.-"
  s:"K52" == t:"K52.-"
  s:"K52.3" == t:"K52.3-"
  s:"K55" == t:"K55.-"
  s:"K55.2" == t:"K55.2-"
  s:"K55.3" == t:"K55.3-"
  s:"K56" == t:"K56.-"
  s:"K57" == t:"K57.-"
  s:"K57.0" == t:"K57.0-"
  s:"K57.1" == t:"K57.1-"
  s:"K57.2" == t:"K57.2-"
  s:"K57.3" == t:"K57.3-"
  s:"K57.4" == t:"K57.4-"
  s:"K57.5" == t:"K57.5-"
  s:"K57.8" == t:"K57.8-"
  s:"K57.9" == t:"K57.9-"
  s:"K58" == t:"K58.-"
  s:"K59" == t:"K59.-"
  s:"K59.0" == t:"K59.0-"
  s:"K60" == t:"K60.-"
  s:"K61" == t:"K61.-"
  s:"K62" == t:"K62.-"
  s:"K62.5" == t:"K62.5-"
  s:"K63" == t:"K63.-"
  s:"K64" == t:"K64.-"
  s:"K65" == t:"K65.-"
  s:"K65.0" == t:"K65.0-"
  s:"K66" == t:"K66.-"
  s:"K67" == t:"K67.-"
  s:"K70" == t:"K70.-"
  s:"K70.4" == t:"K70.4-"
  s:"K71" == t:"K71.-"
  s:"K71.8" == t:"K71.8-"
  s:"K72" == t:"K72.-"
  s:"K72.1" == t:"K72.1-"
  s:"K73" == t:"K73.-"
  s:"K74" == t:"K74.-"
  s:"K75" == t:"K75.-"
  s:"K76" == t:"K76.-"
  s:"K77" == t:"K77.-"
  s:"K77.1" == t:"K77.1-"
  s:"K77.2" == t:"K77.2-"
  s:"K80" == t:"K80.-"
  s:"K80.0" == t:"K80.0-"
  s:"K80.1" == t:"K80.1-"
  s:"K80.2" == t:"K80.2-"
  s:"K80.3" == t:"K80.3-"
  s:"K80.4" == t:"K80.4-"
  s:"K80.5" == t:"K80.5-"
  s:"K80.8" == t:"K80.8-"
  s:"K81" == t:"K81.-"
  s:"K82" == t:"K82.-"
  s:"K83" == t:"K83.-"
  s:"K83.0" == t:"K83.0-"
  s:"K85" == t:"K85.-"
  s:"K85.0" == t:"K85.0-"
  s:"K85.1" == t:"K85.1-"
  s:"K85.2" == t:"K85.2-"
  s:"K85.3" == t:"K85.3-"
  s:"K85.8" == t:"K85.8-"
  s:"K85.9" == t:"K85.9-"
  s:"K86" == t:"K86.-"
  s:"K86.8" == t:"K86.8-"
  s:"K87" == t:"K87.-"
  s:"K90" == t:"K90.-"
  s:"K91" == t:"K91.-"
  s:"K91.8" == t:"K91.8-"
  s:"K92" == t:"K92.-"
  s:"K93" == t:"K93.-"
  s:"K93.2" == t:"K93.2-"
  s:"K93.3" == t:"K93.3-"
  s:"K93.4" == t:"K93.4-"
  s:"L00" == t:"L00.-"
  s:"L01" == t:"L01.-"
  s:"L02" == t:"L02.-"
  s:"L03" == t:"L03.-"
  s:"L03.0" == t:"L03.0-"
  s:"L03.1" == t:"L03.1-"
  s:"L04" == t:"L04.-"
  s:"L05" == t:"L05.-"
  s:"L08" == t:"L08.-"
  s:"L10" == t:"L10.-"
  s:"L11" == t:"L11.-"
  s:"L12" == t:"L12.-"
  s:"L13" == t:"L13.-"
  s:"L20" == t:"L20.-"
  s:"L21" == t:"L21.-"
  s:"L23" == t:"L23.-"
  s:"L24" == t:"L24.-"
  s:"L25" == t:"L25.-"
  s:"L27" == t:"L27.-"
  s:"L28" == t:"L28.-"
  s:"L29" == t:"L29.-"
  s:"L30" == t:"L30.-"
  s:"L40" == t:"L40.-"
  s:"L41" == t:"L41.-"
  s:"L43" == t:"L43.-"
  s:"L44" == t:"L44.-"
  s:"L50" == t:"L50.-"
  s:"L51" == t:"L51.-"
  s:"L51.2" == t:"L51.2-"
  s:"L53" == t:"L53.-"
  s:"L54" == t:"L54.-"
  s:"L55" == t:"L55.-"
  s:"L56" == t:"L56.-"
  s:"L57" == t:"L57.-"
  s:"L58" == t:"L58.-"
  s:"L59" == t:"L59.-"
  s:"L60" == t:"L60.-"
  s:"L62" == t:"L62.-"
  s:"L63" == t:"L63.-"
  s:"L64" == t:"L64.-"
  s:"L65" == t:"L65.-"
  s:"L66" == t:"L66.-"
  s:"L67" == t:"L67.-"
  s:"L68" == t:"L68.-"
  s:"L70" == t:"L70.-"
  s:"L71" == t:"L71.-"
  s:"L72" == t:"L72.-"
  s:"L73" == t:"L73.-"
  s:"L74" == t:"L74.-"
  s:"L75" == t:"L75.-"
  s:"L81" == t:"L81.-"
  s:"L85" == t:"L85.-"
  s:"L87" == t:"L87.-"
  s:"L89" == t:"L89.-"
  s:"L89.0" == t:"L89.0-"
  s:"L89.1" == t:"L89.1-"
  s:"L89.2" == t:"L89.2-"
  s:"L89.3" == t:"L89.3-"
  s:"L89.9" == t:"L89.9-"
  s:"L90" == t:"L90.-"
  s:"L91" == t:"L91.-"
  s:"L92" == t:"L92.-"
  s:"L93" == t:"L93.-"
  s:"L94" == t:"L94.-"
  s:"L95" == t:"L95.-"
  s:"L98" == t:"L98.-"
  s:"L99" == t:"L99.-"
  s:"L99.1" == t:"L99.1-"
  s:"L99.2" == t:"L99.2-"
  s:"M00" == t:"M00.-"
  s:"M00.0" == t:"M00.0-"
  s:"M00.1" == t:"M00.1-"
  s:"M00.2" == t:"M00.2-"
  s:"M00.8" == t:"M00.8-"
  s:"M00.9" == t:"M00.9-"
  s:"M01" == t:"M01.-"
  s:"M01.0" == t:"M01.0-"
  s:"M01.1" == t:"M01.1-"
  s:"M01.2" == t:"M01.2-"
  s:"M01.3" == t:"M01.3-"
  s:"M01.4" == t:"M01.4-"
  s:"M01.5" == t:"M01.5-"
  s:"M01.6" == t:"M01.6-"
  s:"M01.8" == t:"M01.8-"
  s:"M02" == t:"M02.-"
  s:"M02.0" == t:"M02.0-"
  s:"M02.1" == t:"M02.1-"
  s:"M02.2" == t:"M02.2-"
  s:"M02.3" == t:"M02.3-"
  s:"M02.8" == t:"M02.8-"
  s:"M02.9" == t:"M02.9-"
  s:"M03" == t:"M03.-"
  s:"M03.0" == t:"M03.0-"
  s:"M03.1" == t:"M03.1-"
  s:"M03.2" == t:"M03.2-"
  s:"M03.6" == t:"M03.6-"
  s:"M05" == t:"M05.-"
  s:"M05.0" == t:"M05.0-"
  s:"M05.1" == t:"M05.1-"
  s:"M05.2" == t:"M05.2-"
  s:"M05.3" == t:"M05.3-"
  s:"M05.8" == t:"M05.8-"
  s:"M05.9" == t:"M05.9-"
  s:"M06" == t:"M06.-"
  s:"M06.0" == t:"M06.0-"
  s:"M06.1" == t:"M06.1-"
  s:"M06.2" == t:"M06.2-"
  s:"M06.3" == t:"M06.3-"
  s:"M06.4" == t:"M06.4-"
  s:"M06.8" == t:"M06.8-"
  s:"M06.9" == t:"M06.9-"
  s:"M07" == t:"M07.-"
  s:"M07.0" == t:"M07.0-"
  s:"M07.1" == t:"M07.1-"
  s:"M07.3" == t:"M07.3-"
  s:"M07.4" == t:"M07.4-"
  s:"M07.5" == t:"M07.5-"
  s:"M07.6" == t:"M07.6-"
  s:"M08" == t:"M08.-"
  s:"M08.0" == t:"M08.0-"
  s:"M08.1" == t:"M08.1-"
  s:"M08.2" == t:"M08.2-"
  s:"M08.4" == t:"M08.4-"
  s:"M08.7" == t:"M08.7-"
  s:"M08.8" == t:"M08.8-"
  s:"M08.9" == t:"M08.9-"
  s:"M09" == t:"M09.-"
  s:"M09.0" == t:"M09.0-"
  s:"M09.1" == t:"M09.1-"
  s:"M09.2" == t:"M09.2-"
  s:"M09.8" == t:"M09.8-"
  s:"M10" == t:"M10.-"
  s:"M10.0" == t:"M10.0-"
  s:"M10.1" == t:"M10.1-"
  s:"M10.2" == t:"M10.2-"
  s:"M10.3" == t:"M10.3-"
  s:"M10.4" == t:"M10.4-"
  s:"M10.9" == t:"M10.9-"
  s:"M11" == t:"M11.-"
  s:"M11.0" == t:"M11.0-"
  s:"M11.1" == t:"M11.1-"
  s:"M11.2" == t:"M11.2-"
  s:"M11.8" == t:"M11.8-"
  s:"M11.9" == t:"M11.9-"
  s:"M12" == t:"M12.-"
  s:"M12.0" == t:"M12.0-"
  s:"M12.1" == t:"M12.1-"
  s:"M12.2" == t:"M12.2-"
  s:"M12.3" == t:"M12.3-"
  s:"M12.4" == t:"M12.4-"
  s:"M12.5" == t:"M12.5-"
  s:"M12.8" == t:"M12.8-"
  s:"M13" == t:"M13.-"
  s:"M13.1" == t:"M13.1-"
  s:"M13.8" == t:"M13.8-"
  s:"M13.9" == t:"M13.9-"
  s:"M14" == t:"M14.-"
  s:"M14.0" == t:"M14.0-"
  s:"M14.1" == t:"M14.1-"
  s:"M14.2" == t:"M14.2-"
  s:"M14.3" == t:"M14.3-"
  s:"M14.4" == t:"M14.4-"
  s:"M14.5" == t:"M14.5-"
  s:"M14.6" == t:"M14.6-"
  s:"M14.8" == t:"M14.8-"
  s:"M15" == t:"M15.-"
  s:"M16" == t:"M16.-"
  s:"M17" == t:"M17.-"
  s:"M18" == t:"M18.-"
  s:"M19" == t:"M19.-"
  s:"M19.0" == t:"M19.0-"
  s:"M19.1" == t:"M19.1-"
  s:"M19.2" == t:"M19.2-"
  s:"M19.8" == t:"M19.8-"
  s:"M19.9" == t:"M19.9-"
  s:"M20" == t:"M20.-"
  s:"M21" == t:"M21.-"
  s:"M21.0" == t:"M21.0-"
  s:"M21.1" == t:"M21.1-"
  s:"M21.2" == t:"M21.2-"
  s:"M21.3" == t:"M21.3-"
  s:"M21.5" == t:"M21.5-"
  s:"M21.6" == t:"M21.6-"
  s:"M21.7" == t:"M21.7-"
  s:"M21.8" == t:"M21.8-"
  s:"M21.9" == t:"M21.9-"
  s:"M22" == t:"M22.-"
  s:"M23" == t:"M23.-"
  s:"M23.0" == t:"M23.0-"
  s:"M23.1" == t:"M23.1-"
  s:"M23.2" == t:"M23.2-"
  s:"M23.3" == t:"M23.3-"
  s:"M23.5" == t:"M23.5-"
  s:"M23.6" == t:"M23.6-"
  s:"M23.8" == t:"M23.8-"
  s:"M23.9" == t:"M23.9-"
  s:"M24" == t:"M24.-"
  s:"M24.0" == t:"M24.0-"
  s:"M24.1" == t:"M24.1-"
  s:"M24.2" == t:"M24.2-"
  s:"M24.3" == t:"M24.3-"
  s:"M24.4" == t:"M24.4-"
  s:"M24.5" == t:"M24.5-"
  s:"M24.6" == t:"M24.6-"
  s:"M24.8" == t:"M24.8-"
  s:"M24.9" == t:"M24.9-"
  s:"M25" == t:"M25.-"
  s:"M25.0" == t:"M25.0-"
  s:"M25.1" == t:"M25.1-"
  s:"M25.2" == t:"M25.2-"
  s:"M25.3" == t:"M25.3-"
  s:"M25.4" == t:"M25.4-"
  s:"M25.5" == t:"M25.5-"
  s:"M25.6" == t:"M25.6-"
  s:"M25.7" == t:"M25.7-"
  s:"M25.8" == t:"M25.8-"
  s:"M25.9" == t:"M25.9-"
  s:"M30" == t:"M30.-"
  s:"M31" == t:"M31.-"
  s:"M32" == t:"M32.-"
  s:"M33" == t:"M33.-"
  s:"M34" == t:"M34.-"
  s:"M35" == t:"M35.-"
  s:"M36" == t:"M36.-"
  s:"M36.5" == t:"M36.5-"
  s:"M40" == t:"M40.-"
  s:"M40.0" == t:"M40.0-"
  s:"M40.1" == t:"M40.1-"
  s:"M40.2" == t:"M40.2-"
  s:"M40.3" == t:"M40.3-"
  s:"M40.4" == t:"M40.4-"
  s:"M40.5" == t:"M40.5-"
  s:"M41" == t:"M41.-"
  s:"M41.0" == t:"M41.0-"
  s:"M41.1" == t:"M41.1-"
  s:"M41.2" == t:"M41.2-"
  s:"M41.3" == t:"M41.3-"
  s:"M41.4" == t:"M41.4-"
  s:"M41.5" == t:"M41.5-"
  s:"M41.8" == t:"M41.8-"
  s:"M41.9" == t:"M41.9-"
  s:"M42" == t:"M42.-"
  s:"M42.0" == t:"M42.0-"
  s:"M42.1" == t:"M42.1-"
  s:"M42.9" == t:"M42.9-"
  s:"M43" == t:"M43.-"
  s:"M43.0" == t:"M43.0-"
  s:"M43.1" == t:"M43.1-"
  s:"M43.2" == t:"M43.2-"
  s:"M43.5" == t:"M43.5-"
  s:"M43.8" == t:"M43.8-"
  s:"M43.9" == t:"M43.9-"
  s:"M45" == t:"M45.-"
  s:"M45.0" == t:"M45.0-"
  s:"M46" == t:"M46.-"
  s:"M46.0" == t:"M46.0-"
  s:"M46.2" == t:"M46.2-"
  s:"M46.3" == t:"M46.3-"
  s:"M46.4" == t:"M46.4-"
  s:"M46.5" == t:"M46.5-"
  s:"M46.8" == t:"M46.8-"
  s:"M46.9" == t:"M46.9-"
  s:"M47" == t:"M47.-"
  s:"M47.0" == t:"M47.0-"
  s:"M47.1" == t:"M47.1-"
  s:"M47.2" == t:"M47.2-"
  s:"M47.8" == t:"M47.8-"
  s:"M47.9" == t:"M47.9-"
  s:"M48" == t:"M48.-"
  s:"M48.0" == t:"M48.0-"
  s:"M48.1" == t:"M48.1-"
  s:"M48.2" == t:"M48.2-"
  s:"M48.3" == t:"M48.3-"
  s:"M48.4" == t:"M48.4-"
  s:"M48.5" == t:"M48.5-"
  s:"M48.8" == t:"M48.8-"
  s:"M48.9" == t:"M48.9-"
  s:"M49" == t:"M49.-"
  s:"M49.0" == t:"M49.0-"
  s:"M49.1" == t:"M49.1-"
  s:"M49.2" == t:"M49.2-"
  s:"M49.3" == t:"M49.3-"
  s:"M49.4" == t:"M49.4-"
  s:"M49.5" == t:"M49.5-"
  s:"M49.8" == t:"M49.8-"
  s:"M50" == t:"M50.-"
  s:"M51" == t:"M51.-"
  s:"M53" == t:"M53.-"
  s:"M53.2" == t:"M53.2-"
  s:"M53.8" == t:"M53.8-"
  s:"M53.9" == t:"M53.9-"
  s:"M54" == t:"M54.-"
  s:"M54.0" == t:"M54.0-"
  s:"M54.1" == t:"M54.1-"
  s:"M54.8" == t:"M54.8-"
  s:"M54.9" == t:"M54.9-"
  s:"M60" == t:"M60.-"
  s:"M60.0" == t:"M60.0-"
  s:"M60.1" == t:"M60.1-"
  s:"M60.2" == t:"M60.2-"
  s:"M60.8" == t:"M60.8-"
  s:"M60.9" == t:"M60.9-"
  s:"M61" == t:"M61.-"
  s:"M61.0" == t:"M61.0-"
  s:"M61.1" == t:"M61.1-"
  s:"M61.2" == t:"M61.2-"
  s:"M61.3" == t:"M61.3-"
  s:"M61.4" == t:"M61.4-"
  s:"M61.5" == t:"M61.5-"
  s:"M61.9" == t:"M61.9-"
  s:"M62" == t:"M62.-"
  s:"M62.0" == t:"M62.0-"
  s:"M62.1" == t:"M62.1-"
  s:"M62.2" == t:"M62.2-"
  s:"M62.3" == t:"M62.3-"
  s:"M62.4" == t:"M62.4-"
  s:"M62.5" == t:"M62.5-"
  s:"M62.6" == t:"M62.6-"
  s:"M62.8" == t:"M62.8-"
  s:"M62.9" == t:"M62.9-"
  s:"M63" == t:"M63.-"
  s:"M63.0" == t:"M63.0-"
  s:"M63.1" == t:"M63.1-"
  s:"M63.2" == t:"M63.2-"
  s:"M63.3" == t:"M63.3-"
  s:"M63.8" == t:"M63.8-"
  s:"M65" == t:"M65.-"
  s:"M65.0" == t:"M65.0-"
  s:"M65.1" == t:"M65.1-"
  s:"M65.2" == t:"M65.2-"
  s:"M65.8" == t:"M65.8-"
  s:"M65.9" == t:"M65.9-"
  s:"M66" == t:"M66.-"
  s:"M66.1" == t:"M66.1-"
  s:"M66.2" == t:"M66.2-"
  s:"M66.3" == t:"M66.3-"
  s:"M66.4" == t:"M66.4-"
  s:"M66.5" == t:"M66.5-"
  s:"M67" == t:"M67.-"
  s:"M67.1" == t:"M67.1-"
  s:"M67.2" == t:"M67.2-"
  s:"M67.3" == t:"M67.3-"
  s:"M67.4" == t:"M67.4-"
  s:"M67.8" == t:"M67.8-"
  s:"M67.9" == t:"M67.9-"
  s:"M68" == t:"M68.-"
  s:"M68.0" == t:"M68.0-"
  s:"M68.8" == t:"M68.8-"
  s:"M70" == t:"M70.-"
  s:"M71" == t:"M71.-"
  s:"M71.0" == t:"M71.0-"
  s:"M71.1" == t:"M71.1-"
  s:"M71.3" == t:"M71.3-"
  s:"M71.4" == t:"M71.4-"
  s:"M71.5" == t:"M71.5-"
  s:"M71.8" == t:"M71.8-"
  s:"M71.9" == t:"M71.9-"
  s:"M72" == t:"M72.-"
  s:"M72.4" == t:"M72.4-"
  s:"M72.6" == t:"M72.6-"
  s:"M72.8" == t:"M72.8-"
  s:"M72.9" == t:"M72.9-"
  s:"M73" == t:"M73.-"
  s:"M73.0" == t:"M73.0-"
  s:"M73.1" == t:"M73.1-"
  s:"M73.8" == t:"M73.8-"
  s:"M75" == t:"M75.-"
  s:"M76" == t:"M76.-"
  s:"M77" == t:"M77.-"
  s:"M79" == t:"M79.-"
  s:"M79.0" == t:"M79.0-"
  s:"M79.1" == t:"M79.1-"
  s:"M79.2" == t:"M79.2-"
  s:"M79.3" == t:"M79.3-"
  s:"M79.4" == t:"M79.4-"
  s:"M79.5" == t:"M79.5-"
  s:"M79.6" == t:"M79.6-"
  s:"M79.7" == t:"M79.7-"
  s:"M79.8" == t:"M79.8-"
  s:"M79.9" == t:"M79.9-"
  s:"M80" == t:"M80.-"
  s:"M80.0" == t:"M80.0-"
  s:"M80.1" == t:"M80.1-"
  s:"M80.2" == t:"M80.2-"
  s:"M80.3" == t:"M80.3-"
  s:"M80.4" == t:"M80.4-"
  s:"M80.5" == t:"M80.5-"
  s:"M80.8" == t:"M80.8-"
  s:"M80.9" == t:"M80.9-"
  s:"M81" == t:"M81.-"
  s:"M81.0" == t:"M81.0-"
  s:"M81.1" == t:"M81.1-"
  s:"M81.2" == t:"M81.2-"
  s:"M81.3" == t:"M81.3-"
  s:"M81.4" == t:"M81.4-"
  s:"M81.5" == t:"M81.5-"
  s:"M81.6" == t:"M81.6-"
  s:"M81.8" == t:"M81.8-"
  s:"M81.9" == t:"M81.9-"
  s:"M82" == t:"M82.-"
  s:"M82.0" == t:"M82.0-"
  s:"M82.1" == t:"M82.1-"
  s:"M82.8" == t:"M82.8-"
  s:"M83" == t:"M83.-"
  s:"M83.0" == t:"M83.0-"
  s:"M83.1" == t:"M83.1-"
  s:"M83.2" == t:"M83.2-"
  s:"M83.3" == t:"M83.3-"
  s:"M83.4" == t:"M83.4-"
  s:"M83.5" == t:"M83.5-"
  s:"M83.8" == t:"M83.8-"
  s:"M83.9" == t:"M83.9-"
  s:"M84" == t:"M84.-"
  s:"M84.0" == t:"M84.0-"
  s:"M84.1" == t:"M84.1-"
  s:"M84.2" == t:"M84.2-"
  s:"M84.3" == t:"M84.3-"
  s:"M84.4" == t:"M84.4-"
  s:"M84.8" == t:"M84.8-"
  s:"M84.9" == t:"M84.9-"
  s:"M85" == t:"M85.-"
  s:"M85.0" == t:"M85.0-"
  s:"M85.1" == t:"M85.1-"
  s:"M85.3" == t:"M85.3-"
  s:"M85.4" == t:"M85.4-"
  s:"M85.5" == t:"M85.5-"
  s:"M85.6" == t:"M85.6-"
  s:"M85.8" == t:"M85.8-"
  s:"M85.9" == t:"M85.9-"
  s:"M86" == t:"M86.-"
  s:"M86.0" == t:"M86.0-"
  s:"M86.1" == t:"M86.1-"
  s:"M86.2" == t:"M86.2-"
  s:"M86.3" == t:"M86.3-"
  s:"M86.4" == t:"M86.4-"
  s:"M86.5" == t:"M86.5-"
  s:"M86.6" == t:"M86.6-"
  s:"M86.8" == t:"M86.8-"
  s:"M86.9" == t:"M86.9-"
  s:"M87" == t:"M87.-"
  s:"M87.0" == t:"M87.0-"
  s:"M87.1" == t:"M87.1-"
  s:"M87.2" == t:"M87.2-"
  s:"M87.3" == t:"M87.3-"
  s:"M87.8" == t:"M87.8-"
  s:"M87.9" == t:"M87.9-"
  s:"M88" == t:"M88.-"
  s:"M88.8" == t:"M88.8-"
  s:"M88.9" == t:"M88.9-"
  s:"M89" == t:"M89.-"
  s:"M89.0" == t:"M89.0-"
  s:"M89.1" == t:"M89.1-"
  s:"M89.2" == t:"M89.2-"
  s:"M89.3" == t:"M89.3-"
  s:"M89.4" == t:"M89.4-"
  s:"M89.5" == t:"M89.5-"
  s:"M89.6" == t:"M89.6-"
  s:"M89.8" == t:"M89.8-"
  s:"M89.9" == t:"M89.9-"
  s:"M90" == t:"M90.-"
  s:"M90.0" == t:"M90.0-"
  s:"M90.1" == t:"M90.1-"
  s:"M90.2" == t:"M90.2-"
  s:"M90.3" == t:"M90.3-"
  s:"M90.4" == t:"M90.4-"
  s:"M90.5" == t:"M90.5-"
  s:"M90.6" == t:"M90.6-"
  s:"M90.7" == t:"M90.7-"
  s:"M90.8" == t:"M90.8-"
  s:"M91" == t:"M91.-"
  s:"M92" == t:"M92.-"
  s:"M93" == t:"M93.-"
  s:"M93.2" == t:"M93.2-"
  s:"M93.8" == t:"M93.8-"
  s:"M94" == t:"M94.-"
  s:"M94.2" == t:"M94.2-"
  s:"M94.3" == t:"M94.3-"
  s:"M94.8" == t:"M94.8-"
  s:"M94.9" == t:"M94.9-"
  s:"M95" == t:"M95.-"
  s:"M96" == t:"M96.-"
  s:"M96.8" == t:"M96.8-"
  s:"M99" == t:"M99.-"
  s:"M99.0" == t:"M99.0-"
  s:"M99.1" == t:"M99.1-"
  s:"M99.2" == t:"M99.2-"
  s:"M99.3" == t:"M99.3-"
  s:"M99.4" == t:"M99.4-"
  s:"M99.5" == t:"M99.5-"
  s:"M99.6" == t:"M99.6-"
  s:"M99.7" == t:"M99.7-"
  s:"M99.8" == t:"M99.8-"
  s:"M99.9" == t:"M99.9-"
  s:"N00" == t:"N00.-"
  s:"N01" == t:"N01.-"
  s:"N02" == t:"N02.-"
  s:"N03" == t:"N03.-"
  s:"N04" == t:"N04.-"
  s:"N05" == t:"N05.-"
  s:"N06" == t:"N06.-"
  s:"N07" == t:"N07.-"
  s:"N08" == t:"N08.-"
  s:"N11" == t:"N11.-"
  s:"N13" == t:"N13.-"
  s:"N13.2" == t:"N13.2-"
  s:"N13.6" == t:"N13.6-"
  s:"N14" == t:"N14.-"
  s:"N15" == t:"N15.-"
  s:"N15.1" == t:"N15.1-"
  s:"N16" == t:"N16.-"
  s:"N17" == t:"N17.-"
  s:"N17.0" == t:"N17.0-"
  s:"N17.1" == t:"N17.1-"
  s:"N17.2" == t:"N17.2-"
  s:"N17.8" == t:"N17.8-"
  s:"N17.9" == t:"N17.9-"
  s:"N18" == t:"N18.-"
  s:"N18.8" == t:"N18.8-"
  s:"N20" == t:"N20.-"
  s:"N21" == t:"N21.-"
  s:"N22" == t:"N22.-"
  s:"N25" == t:"N25.-"
  s:"N27" == t:"N27.-"
  s:"N28" == t:"N28.-"
  s:"N28.8" == t:"N28.8-"
  s:"N29" == t:"N29.-"
  s:"N30" == t:"N30.-"
  s:"N31" == t:"N31.-"
  s:"N31.8" == t:"N31.8-"
  s:"N32" == t:"N32.-"
  s:"N33" == t:"N33.-"
  s:"N34" == t:"N34.-"
  s:"N35" == t:"N35.-"
  s:"N36" == t:"N36.-"
  s:"N37" == t:"N37.-"
  s:"N39" == t:"N39.-"
  s:"N39.4" == t:"N39.4-"
  s:"N39.8" == t:"N39.8-"
  s:"N41" == t:"N41.-"
  s:"N42" == t:"N42.-"
  s:"N43" == t:"N43.-"
  s:"N44" == t:"N44.-"
  s:"N45" == t:"N45.-"
  s:"N48" == t:"N48.-"
  s:"N48.3" == t:"N48.3-"
  s:"N49" == t:"N49.-"
  s:"N49.8" == t:"N49.8-"
  s:"N50" == t:"N50.-"
  s:"N51" == t:"N51.-"
  s:"N60" == t:"N60.-"
  s:"N64" == t:"N64.-"
  s:"N70" == t:"N70.-"
  s:"N71" == t:"N71.-"
  s:"N73" == t:"N73.-"
  s:"N74" == t:"N74.-"
  s:"N75" == t:"N75.-"
  s:"N76" == t:"N76.-"
  s:"N76.8" == t:"N76.8-"
  s:"N77" == t:"N77.-"
  s:"N77.2" == t:"N77.2-"
  s:"N80" == t:"N80.-"
  s:"N81" == t:"N81.-"
  s:"N82" == t:"N82.-"
  s:"N82.8" == t:"N82.8-"
  s:"N83" == t:"N83.-"
  s:"N84" == t:"N84.-"
  s:"N85" == t:"N85.-"
  s:"N87" == t:"N87.-"
  s:"N88" == t:"N88.-"
  s:"N89" == t:"N89.-"
  s:"N90" == t:"N90.-"
  s:"N91" == t:"N91.-"
  s:"N92" == t:"N92.-"
  s:"N93" == t:"N93.-"
  s:"N94" == t:"N94.-"
  s:"N95" == t:"N95.-"
  s:"N97" == t:"N97.-"
  s:"N98" == t:"N98.-"
  s:"N99" == t:"N99.-"
  s:"N99.1" == t:"N99.1-"
  s:"O00" == t:"O00.-"
  s:"O01" == t:"O01.-"
  s:"O02" == t:"O02.-"
  s:"O03" == t:"O03.-"
  s:"O04" == t:"O04.-"
  s:"O05" == t:"O05.-"
  s:"O06" == t:"O06.-"
  s:"O07" == t:"O07.-"
  s:"O08" == t:"O08.-"
  s:"O10" == t:"O10.-"
  s:"O12" == t:"O12.-"
  s:"O14" == t:"O14.-"
  s:"O15" == t:"O15.-"
  s:"O20" == t:"O20.-"
  s:"O21" == t:"O21.-"
  s:"O22" == t:"O22.-"
  s:"O23" == t:"O23.-"
  s:"O24" == t:"O24.-"
  s:"O26" == t:"O26.-"
  s:"O26.6" == t:"O26.6-"
  s:"O26.8" == t:"O26.8-"
  s:"O28" == t:"O28.-"
  s:"O29" == t:"O29.-"
  s:"O30" == t:"O30.-"
  s:"O31" == t:"O31.-"
  s:"O32" == t:"O32.-"
  s:"O33" == t:"O33.-"
  s:"O34" == t:"O34.-"
  s:"O34.3" == t:"O34.3-"
  s:"O35" == t:"O35.-"
  s:"O36" == t:"O36.-"
  s:"O41" == t:"O41.-"
  s:"O42" == t:"O42.-"
  s:"O42.1" == t:"O42.1-"
  s:"O42.2" == t:"O42.2-"
  s:"O43" == t:"O43.-"
  s:"O43.2" == t:"O43.2-"
  s:"O44" == t:"O44.-"
  s:"O44.0" == t:"O44.0-"
  s:"O44.1" == t:"O44.1-"
  s:"O45" == t:"O45.-"
  s:"O46" == t:"O46.-"
  s:"O47" == t:"O47.-"
  s:"O60" == t:"O60.-"
  s:"O61" == t:"O61.-"
  s:"O62" == t:"O62.-"
  s:"O63" == t:"O63.-"
  s:"O64" == t:"O64.-"
  s:"O65" == t:"O65.-"
  s:"O66" == t:"O66.-"
  s:"O67" == t:"O67.-"
  s:"O68" == t:"O68.-"
  s:"O69" == t:"O69.-"
  s:"O70" == t:"O70.-"
  s:"O71" == t:"O71.-"
  s:"O72" == t:"O72.-"
  s:"O73" == t:"O73.-"
  s:"O74" == t:"O74.-"
  s:"O75" == t:"O75.-"
  s:"O86" == t:"O86.-"
  s:"O87" == t:"O87.-"
  s:"O88" == t:"O88.-"
  s:"O88.2" == t:"O88.2-"
  s:"O89" == t:"O89.-"
  s:"O90" == t:"O90.-"
  s:"O91" == t:"O91.-"
  s:"O91.0" == t:"O91.0-"
  s:"O91.1" == t:"O91.1-"
  s:"O91.2" == t:"O91.2-"
  s:"O92" == t:"O92.-"
  s:"O92.0" == t:"O92.0-"
  s:"O92.1" == t:"O92.1-"
  s:"O92.2" == t:"O92.2-"
  s:"O92.3" == t:"O92.3-"
  s:"O92.4" == t:"O92.4-"
  s:"O92.5" == t:"O92.5-"
  s:"O92.6" == t:"O92.6-"
  s:"O92.7" == t:"O92.7-"
  s:"O96" == t:"O96.-"
  s:"O97" == t:"O97.-"
  s:"O98" == t:"O98.-"
  s:"O99" == t:"O99.-"
  s:"P00" == t:"P00.-"
  s:"P01" == t:"P01.-"
  s:"P02" == t:"P02.-"
  s:"P03" == t:"P03.-"
  s:"P04" == t:"P04.-"
  s:"P05" == t:"P05.-"
  s:"P07" == t:"P07.-"
  s:"P07.0" == t:"P07.0-"
  s:"P07.1" == t:"P07.1-"
  s:"P08" == t:"P08.-"
  s:"P10" == t:"P10.-"
  s:"P11" == t:"P11.-"
  s:"P11.5" == t:"P11.5-"
  s:"P12" == t:"P12.-"
  s:"P13" == t:"P13.-"
  s:"P14" == t:"P14.-"
  s:"P15" == t:"P15.-"
  s:"P20" == t:"P20.-"
  s:"P21" == t:"P21.-"
  s:"P22" == t:"P22.-"
  s:"P23" == t:"P23.-"
  s:"P24" == t:"P24.-"
  s:"P25" == t:"P25.-"
  s:"P26" == t:"P26.-"
  s:"P27" == t:"P27.-"
  s:"P28" == t:"P28.-"
  s:"P29" == t:"P29.-"
  s:"P35" == t:"P35.-"
  s:"P36" == t:"P36.-"
  s:"P37" == t:"P37.-"
  s:"P39" == t:"P39.-"
  s:"P50" == t:"P50.-"
  s:"P51" == t:"P51.-"
  s:"P52" == t:"P52.-"
  s:"P54" == t:"P54.-"
  s:"P55" == t:"P55.-"
  s:"P56" == t:"P56.-"
  s:"P57" == t:"P57.-"
  s:"P58" == t:"P58.-"
  s:"P59" == t:"P59.-"
  s:"P61" == t:"P61.-"
  s:"P70" == t:"P70.-"
  s:"P71" == t:"P71.-"
  s:"P72" == t:"P72.-"
  s:"P74" == t:"P74.-"
  s:"P76" == t:"P76.-"
  s:"P78" == t:"P78.-"
  s:"P80" == t:"P80.-"
  s:"P81" == t:"P81.-"
  s:"P83" == t:"P83.-"
  s:"P91" == t:"P91.-"
  s:"P91.8" == t:"P91.8-"
  s:"P92" == t:"P92.-"
  s:"P94" == t:"P94.-"
  s:"P96" == t:"P96.-"
  s:"Q00" == t:"Q00.-"
  s:"Q01" == t:"Q01.-"
  s:"Q03" == t:"Q03.-"
  s:"Q04" == t:"Q04.-"
  s:"Q05" == t:"Q05.-"
  s:"Q06" == t:"Q06.-"
  s:"Q07" == t:"Q07.-"
  s:"Q10" == t:"Q10.-"
  s:"Q11" == t:"Q11.-"
  s:"Q12" == t:"Q12.-"
  s:"Q13" == t:"Q13.-"
  s:"Q14" == t:"Q14.-"
  s:"Q15" == t:"Q15.-"
  s:"Q16" == t:"Q16.-"
  s:"Q17" == t:"Q17.-"
  s:"Q18" == t:"Q18.-"
  s:"Q20" == t:"Q20.-"
  s:"Q21" == t:"Q21.-"
  s:"Q21.8" == t:"Q21.8-"
  s:"Q22" == t:"Q22.-"
  s:"Q23" == t:"Q23.-"
  s:"Q24" == t:"Q24.-"
  s:"Q25" == t:"Q25.-"
  s:"Q26" == t:"Q26.-"
  s:"Q27" == t:"Q27.-"
  s:"Q28" == t:"Q28.-"
  s:"Q28.0" == t:"Q28.0-"
  s:"Q28.1" == t:"Q28.1-"
  s:"Q28.2" == t:"Q28.2-"
  s:"Q28.3" == t:"Q28.3-"
  s:"Q28.8" == t:"Q28.8-"
  s:"Q30" == t:"Q30.-"
  s:"Q31" == t:"Q31.-"
  s:"Q32" == t:"Q32.-"
  s:"Q33" == t:"Q33.-"
  s:"Q34" == t:"Q34.-"
  s:"Q35" == t:"Q35.-"
  s:"Q36" == t:"Q36.-"
  s:"Q37" == t:"Q37.-"
  s:"Q38" == t:"Q38.-"
  s:"Q39" == t:"Q39.-"
  s:"Q40" == t:"Q40.-"
  s:"Q41" == t:"Q41.-"
  s:"Q42" == t:"Q42.-"
  s:"Q43" == t:"Q43.-"
  s:"Q43.4" == t:"Q43.4-"
  s:"Q44" == t:"Q44.-"
  s:"Q45" == t:"Q45.-"
  s:"Q50" == t:"Q50.-"
  s:"Q51" == t:"Q51.-"
  s:"Q52" == t:"Q52.-"
  s:"Q53" == t:"Q53.-"
  s:"Q54" == t:"Q54.-"
  s:"Q55" == t:"Q55.-"
  s:"Q56" == t:"Q56.-"
  s:"Q60" == t:"Q60.-"
  s:"Q61" == t:"Q61.-"
  s:"Q62" == t:"Q62.-"
  s:"Q63" == t:"Q63.-"
  s:"Q64" == t:"Q64.-"
  s:"Q65" == t:"Q65.-"
  s:"Q66" == t:"Q66.-"
  s:"Q67" == t:"Q67.-"
  s:"Q68" == t:"Q68.-"
  s:"Q69" == t:"Q69.-"
  s:"Q70" == t:"Q70.-"
  s:"Q71" == t:"Q71.-"
  s:"Q72" == t:"Q72.-"
  s:"Q73" == t:"Q73.-"
  s:"Q74" == t:"Q74.-"
  s:"Q75" == t:"Q75.-"
  s:"Q76" == t:"Q76.-"
  s:"Q76.2" == t:"Q76.2-"
  s:"Q77" == t:"Q77.-"
  s:"Q78" == t:"Q78.-"
  s:"Q79" == t:"Q79.-"
  s:"Q80" == t:"Q80.-"
  s:"Q81" == t:"Q81.-"
  s:"Q82" == t:"Q82.-"
  s:"Q82.0" == t:"Q82.0-"
  s:"Q83" == t:"Q83.-"
  s:"Q83.8" == t:"Q83.8-"
  s:"Q84" == t:"Q84.-"
  s:"Q85" == t:"Q85.-"
  s:"Q86" == t:"Q86.-"
  s:"Q86.8" == t:"Q86.8-"
  s:"Q87" == t:"Q87.-"
  s:"Q89" == t:"Q89.-"
  s:"Q89.0" == t:"Q89.0-"
  s:"Q90" == t:"Q90.-"
  s:"Q91" == t:"Q91.-"
  s:"Q92" == t:"Q92.-"
  s:"Q93" == t:"Q93.-"
  s:"Q95" == t:"Q95.-"
  s:"Q96" == t:"Q96.-"
  s:"Q97" == t:"Q97.-"
  s:"Q98" == t:"Q98.-"
  s:"Q99" == t:"Q99.-"
  s:"R00" == t:"R00.-"
  s:"R01" == t:"R01.-"
  s:"R02" == t:"R02.-"
  s:"R02.0" == t:"R02.0-"
  s:"R03" == t:"R03.-"
  s:"R04" == t:"R04.-"
  s:"R06" == t:"R06.-"
  s:"R06.8" == t:"R06.8-"
  s:"R07" == t:"R07.-"
  s:"R09" == t:"R09.-"
  s:"R10" == t:"R10.-"
  s:"R13" == t:"R13.-"
  s:"R16" == t:"R16.-"
  s:"R17" == t:"R17.-"
  s:"R19" == t:"R19.-"
  s:"R19.8" == t:"R19.8-"
  s:"R20" == t:"R20.-"
  s:"R22" == t:"R22.-"
  s:"R23" == t:"R23.-"
  s:"R25" == t:"R25.-"
  s:"R26" == t:"R26.-"
  s:"R27" == t:"R27.-"
  s:"R29" == t:"R29.-"
  s:"R30" == t:"R30.-"
  s:"R35" == t:"R35.-"
  s:"R39" == t:"R39.-"
  s:"R40" == t:"R40.-"
  s:"R41" == t:"R41.-"
  s:"R43" == t:"R43.-"
  s:"R44" == t:"R44.-"
  s:"R45" == t:"R45.-"
  s:"R46" == t:"R46.-"
  s:"R47" == t:"R47.-"
  s:"R48" == t:"R48.-"
  s:"R49" == t:"R49.-"
  s:"R50" == t:"R50.-"
  s:"R50.8" == t:"R50.8-"
  s:"R52" == t:"R52.-"
  s:"R56" == t:"R56.-"
  s:"R57" == t:"R57.-"
  s:"R59" == t:"R59.-"
  s:"R60" == t:"R60.-"
  s:"R61" == t:"R61.-"
  s:"R62" == t:"R62.-"
  s:"R63" == t:"R63.-"
  s:"R68" == t:"R68.-"
  s:"R70" == t:"R70.-"
  s:"R73" == t:"R73.-"
  s:"R74" == t:"R74.-"
  s:"R76" == t:"R76.-"
  s:"R77" == t:"R77.-"
  s:"R77.8" == t:"R77.8-"
  s:"R78" == t:"R78.-"
  s:"R79" == t:"R79.-"
  s:"R82" == t:"R82.-"
  s:"R83" == t:"R83.-"
  s:"R84" == t:"R84.-"
  s:"R85" == t:"R85.-"
  s:"R86" == t:"R86.-"
  s:"R87" == t:"R87.-"
  s:"R89" == t:"R89.-"
  s:"R90" == t:"R90.-"
  s:"R93" == t:"R93.-"
  s:"R94" == t:"R94.-"
  s:"R95" == t:"R95.-"
  s:"R96" == t:"R96.-"
  s:"S00" == t:"S00.-"
  s:"S00.0" == t:"S00.0-"
  s:"S00.2" == t:"S00.2-"
  s:"S00.3" == t:"S00.3-"
  s:"S00.4" == t:"S00.4-"
  s:"S00.5" == t:"S00.5-"
  s:"S00.8" == t:"S00.8-"
  s:"S00.9" == t:"S00.9-"
  s:"S01" == t:"S01.-"
  s:"S01.2" == t:"S01.2-"
  s:"S01.3" == t:"S01.3-"
  s:"S01.4" == t:"S01.4-"
  s:"S01.5" == t:"S01.5-"
  s:"S01.8" == t:"S01.8-"
  s:"S02" == t:"S02.-"
  s:"S02.6" == t:"S02.6-"
  s:"S03" == t:"S03.-"
  s:"S04" == t:"S04.-"
  s:"S05" == t:"S05.-"
  s:"S06" == t:"S06.-"
  s:"S06.2" == t:"S06.2-"
  s:"S06.3" == t:"S06.3-"
  s:"S07" == t:"S07.-"
  s:"S08" == t:"S08.-"
  s:"S09" == t:"S09.-"
  s:"S10" == t:"S10.-"
  s:"S10.1" == t:"S10.1-"
  s:"S10.8" == t:"S10.8-"
  s:"S10.9" == t:"S10.9-"
  s:"S11" == t:"S11.-"
  s:"S11.0" == t:"S11.0-"
  s:"S11.2" == t:"S11.2-"
  s:"S11.8" == t:"S11.8-"
  s:"S12" == t:"S12.-"
  s:"S12.2" == t:"S12.2-"
  s:"S13" == t:"S13.-"
  s:"S13.1" == t:"S13.1-"
  s:"S14" == t:"S14.-"
  s:"S14.1" == t:"S14.1-"
  s:"S15" == t:"S15.-"
  s:"S15.0" == t:"S15.0-"
  s:"S15.8" == t:"S15.8-"
  s:"S17" == t:"S17.-"
  s:"S19" == t:"S19.-"
  s:"S19.8" == t:"S19.8-"
  s:"S20" == t:"S20.-"
  s:"S20.1" == t:"S20.1-"
  s:"S20.3" == t:"S20.3-"
  s:"S20.4" == t:"S20.4-"
  s:"S20.8" == t:"S20.8-"
  s:"S21" == t:"S21.-"
  s:"S21.8" == t:"S21.8-"
  s:"S22" == t:"S22.-"
  s:"S22.0" == t:"S22.0-"
  s:"S22.2" == t:"S22.2-"
  s:"S22.3" == t:"S22.3-"
  s:"S22.4" == t:"S22.4-"
  s:"S23" == t:"S23.-"
  s:"S23.1" == t:"S23.1-"
  s:"S24" == t:"S24.-"
  s:"S24.1" == t:"S24.1-"
  s:"S25" == t:"S25.-"
  s:"S25.8" == t:"S25.8-"
  s:"S26" == t:"S26.-"
  s:"S26.8" == t:"S26.8-"
  s:"S27" == t:"S27.-"
  s:"S27.3" == t:"S27.3-"
  s:"S27.8" == t:"S27.8-"
  s:"S28" == t:"S28.-"
  s:"S29" == t:"S29.-"
  s:"S29.8" == t:"S29.8-"
  s:"S30" == t:"S30.-"
  s:"S30.8" == t:"S30.8-"
  s:"S31" == t:"S31.-"
  s:"S31.8" == t:"S31.8-"
  s:"S32" == t:"S32.-"
  s:"S32.0" == t:"S32.0-"
  s:"S32.8" == t:"S32.8-"
  s:"S33" == t:"S33.-"
  s:"S33.1" == t:"S33.1-"
  s:"S33.5" == t:"S33.5-"
  s:"S34" == t:"S34.-"
  s:"S34.1" == t:"S34.1-"
  s:"S34.3" == t:"S34.3-"
  s:"S35" == t:"S35.-"
  s:"S35.8" == t:"S35.8-"
  s:"S36" == t:"S36.-"
  s:"S36.0" == t:"S36.0-"
  s:"S36.1" == t:"S36.1-"
  s:"S36.2" == t:"S36.2-"
  s:"S36.4" == t:"S36.4-"
  s:"S36.5" == t:"S36.5-"
  s:"S36.8" == t:"S36.8-"
  s:"S37" == t:"S37.-"
  s:"S37.0" == t:"S37.0-"
  s:"S37.2" == t:"S37.2-"
  s:"S37.3" == t:"S37.3-"
  s:"S37.8" == t:"S37.8-"
  s:"S38" == t:"S38.-"
  s:"S39" == t:"S39.-"
  s:"S39.8" == t:"S39.8-"
  s:"S40" == t:"S40.-"
  s:"S40.8" == t:"S40.8-"
  s:"S41" == t:"S41.-"
  s:"S41.8" == t:"S41.8-"
  s:"S42" == t:"S42.-"
  s:"S42.0" == t:"S42.0-"
  s:"S42.1" == t:"S42.1-"
  s:"S42.2" == t:"S42.2-"
  s:"S42.4" == t:"S42.4-"
  s:"S43" == t:"S43.-"
  s:"S43.0" == t:"S43.0-"
  s:"S44" == t:"S44.-"
  s:"S45" == t:"S45.-"
  s:"S46" == t:"S46.-"
  s:"S48" == t:"S48.-"
  s:"S49" == t:"S49.-"
  s:"S50" == t:"S50.-"
  s:"S50.8" == t:"S50.8-"
  s:"S51" == t:"S51.-"
  s:"S51.8" == t:"S51.8-"
  s:"S52" == t:"S52.-"
  s:"S52.0" == t:"S52.0-"
  s:"S52.1" == t:"S52.1-"
  s:"S52.2" == t:"S52.2-"
  s:"S52.3" == t:"S52.3-"
  s:"S52.5" == t:"S52.5-"
  s:"S53" == t:"S53.-"
  s:"S53.1" == t:"S53.1-"
  s:"S53.4" == t:"S53.4-"
  s:"S54" == t:"S54.-"
  s:"S55" == t:"S55.-"
  s:"S56" == t:"S56.-"
  s:"S57" == t:"S57.-"
  s:"S58" == t:"S58.-"
  s:"S59" == t:"S59.-"
  s:"S60" == t:"S60.-"
  s:"S60.8" == t:"S60.8-"
  s:"S61" == t:"S61.-"
  s:"S61.8" == t:"S61.8-"
  s:"S62" == t:"S62.-"
  s:"S62.1" == t:"S62.1-"
  s:"S62.2" == t:"S62.2-"
  s:"S62.3" == t:"S62.3-"
  s:"S62.5" == t:"S62.5-"
  s:"S62.6" == t:"S62.6-"
  s:"S63" == t:"S63.-"
  s:"S63.0" == t:"S63.0-"
  s:"S63.1" == t:"S63.1-"
  s:"S63.5" == t:"S63.5-"
  s:"S63.6" == t:"S63.6-"
  s:"S64" == t:"S64.-"
  s:"S65" == t:"S65.-"
  s:"S66" == t:"S66.-"
  s:"S67" == t:"S67.-"
  s:"S68" == t:"S68.-"
  s:"S69" == t:"S69.-"
  s:"S70" == t:"S70.-"
  s:"S70.8" == t:"S70.8-"
  s:"S71" == t:"S71.-"
  s:"S71.8" == t:"S71.8-"
  s:"S72" == t:"S72.-"
  s:"S72.0" == t:"S72.0-"
  s:"S72.1" == t:"S72.1-"
  s:"S72.4" == t:"S72.4-"
  s:"S73" == t:"S73.-"
  s:"S73.0" == t:"S73.0-"
  s:"S73.1" == t:"S73.1-"
  s:"S74" == t:"S74.-"
  s:"S75" == t:"S75.-"
  s:"S76" == t:"S76.-"
  s:"S77" == t:"S77.-"
  s:"S78" == t:"S78.-"
  s:"S79" == t:"S79.-"
  s:"S80" == t:"S80.-"
  s:"S80.8" == t:"S80.8-"
  s:"S81" == t:"S81.-"
  s:"S81.8" == t:"S81.8-"
  s:"S82" == t:"S82.-"
  s:"S82.1" == t:"S82.1-"
  s:"S82.2" == t:"S82.2-"
  s:"S82.3" == t:"S82.3-"
  s:"S82.4" == t:"S82.4-"
  s:"S82.8" == t:"S82.8-"
  s:"S83" == t:"S83.-"
  s:"S83.1" == t:"S83.1-"
  s:"S83.4" == t:"S83.4-"
  s:"S83.5" == t:"S83.5-"
  s:"S84" == t:"S84.-"
  s:"S85" == t:"S85.-"
  s:"S86" == t:"S86.-"
  s:"S87" == t:"S87.-"
  s:"S88" == t:"S88.-"
  s:"S89" == t:"S89.-"
  s:"S90" == t:"S90.-"
  s:"S90.8" == t:"S90.8-"
  s:"S91" == t:"S91.-"
  s:"S91.8" == t:"S91.8-"
  s:"S92" == t:"S92.-"
  s:"S92.2" == t:"S92.2-"
  s:"S93" == t:"S93.-"
  s:"S93.1" == t:"S93.1-"
  s:"S93.3" == t:"S93.3-"
  s:"S93.4" == t:"S93.4-"
  s:"S94" == t:"S94.-"
  s:"S95" == t:"S95.-"
  s:"S96" == t:"S96.-"
  s:"S97" == t:"S97.-"
  s:"S98" == t:"S98.-"
  s:"S99" == t:"S99.-"
  s:"T00" == t:"T00.-"
  s:"T01" == t:"T01.-"
  s:"T02" == t:"T02.-"
  s:"T02.0" == t:"T02.0-"
  s:"T02.1" == t:"T02.1-"
  s:"T02.2" == t:"T02.2-"
  s:"T02.3" == t:"T02.3-"
  s:"T02.4" == t:"T02.4-"
  s:"T02.5" == t:"T02.5-"
  s:"T02.6" == t:"T02.6-"
  s:"T02.7" == t:"T02.7-"
  s:"T02.8" == t:"T02.8-"
  s:"T02.9" == t:"T02.9-"
  s:"T03" == t:"T03.-"
  s:"T04" == t:"T04.-"
  s:"T05" == t:"T05.-"
  s:"T06" == t:"T06.-"
  s:"T08" == t:"T08.-"
  s:"T09" == t:"T09.-"
  s:"T09.0" == t:"T09.0-"
  s:"T10" == t:"T10.-"
  s:"T11" == t:"T11.-"
  s:"T11.0" == t:"T11.0-"
  s:"T12" == t:"T12.-"
  s:"T13" == t:"T13.-"
  s:"T13.0" == t:"T13.0-"
  s:"T14" == t:"T14.-"
  s:"T14.0" == t:"T14.0-"
  s:"T14.2" == t:"T14.2-"
  s:"T15" == t:"T15.-"
  s:"T17" == t:"T17.-"
  s:"T18" == t:"T18.-"
  s:"T19" == t:"T19.-"
  s:"T20" == t:"T20.-"
  s:"T20.2" == t:"T20.2-"
  s:"T20.6" == t:"T20.6-"
  s:"T21" == t:"T21.-"
  s:"T21.0" == t:"T21.0-"
  s:"T21.1" == t:"T21.1-"
  s:"T21.2" == t:"T21.2-"
  s:"T21.3" == t:"T21.3-"
  s:"T21.4" == t:"T21.4-"
  s:"T21.5" == t:"T21.5-"
  s:"T21.6" == t:"T21.6-"
  s:"T21.7" == t:"T21.7-"
  s:"T21.8" == t:"T21.8-"
  s:"T21.9" == t:"T21.9-"
  s:"T22" == t:"T22.-"
  s:"T22.0" == t:"T22.0-"
  s:"T22.1" == t:"T22.1-"
  s:"T22.2" == t:"T22.2-"
  s:"T22.3" == t:"T22.3-"
  s:"T22.4" == t:"T22.4-"
  s:"T22.5" == t:"T22.5-"
  s:"T22.6" == t:"T22.6-"
  s:"T22.7" == t:"T22.7-"
  s:"T22.8" == t:"T22.8-"
  s:"T22.9" == t:"T22.9-"
  s:"T23" == t:"T23.-"
  s:"T23.2" == t:"T23.2-"
  s:"T23.6" == t:"T23.6-"
  s:"T24" == t:"T24.-"
  s:"T24.2" == t:"T24.2-"
  s:"T24.6" == t:"T24.6-"
  s:"T25" == t:"T25.-"
  s:"T25.2" == t:"T25.2-"
  s:"T25.6" == t:"T25.6-"
  s:"T26" == t:"T26.-"
  s:"T27" == t:"T27.-"
  s:"T28" == t:"T28.-"
  s:"T29" == t:"T29.-"
  s:"T29.2" == t:"T29.2-"
  s:"T29.6" == t:"T29.6-"
  s:"T30" == t:"T30.-"
  s:"T30.2" == t:"T30.2-"
  s:"T30.6" == t:"T30.6-"
  s:"T33" == t:"T33.-"
  s:"T34" == t:"T34.-"
  s:"T35" == t:"T35.-"
  s:"T36" == t:"T36.-"
  s:"T37" == t:"T37.-"
  s:"T38" == t:"T38.-"
  s:"T39" == t:"T39.-"
  s:"T40" == t:"T40.-"
  s:"T41" == t:"T41.-"
  s:"T42" == t:"T42.-"
  s:"T43" == t:"T43.-"
  s:"T44" == t:"T44.-"
  s:"T45" == t:"T45.-"
  s:"T46" == t:"T46.-"
  s:"T47" == t:"T47.-"
  s:"T48" == t:"T48.-"
  s:"T49" == t:"T49.-"
  s:"T50" == t:"T50.-"
  s:"T51" == t:"T51.-"
  s:"T52" == t:"T52.-"
  s:"T53" == t:"T53.-"
  s:"T54" == t:"T54.-"
  s:"T56" == t:"T56.-"
  s:"T57" == t:"T57.-"
  s:"T59" == t:"T59.-"
  s:"T60" == t:"T60.-"
  s:"T61" == t:"T61.-"
  s:"T62" == t:"T62.-"
  s:"T63" == t:"T63.-"
  s:"T65" == t:"T65.-"
  s:"T67" == t:"T67.-"
  s:"T69" == t:"T69.-"
  s:"T70" == t:"T70.-"
  s:"T73" == t:"T73.-"
  s:"T74" == t:"T74.-"
  s:"T75" == t:"T75.-"
  s:"T78" == t:"T78.-"
  s:"T79" == t:"T79.-"
  s:"T79.6" == t:"T79.6-"
  s:"T80" == t:"T80.-"
  s:"T81" == t:"T81.-"
  s:"T82" == t:"T82.-"
  s:"T83" == t:"T83.-"
  s:"T84" == t:"T84.-"
  s:"T84.0" == t:"T84.0-"
  s:"T84.1" == t:"T84.1-"
  s:"T84.2" == t:"T84.2-"
  s:"T85" == t:"T85.-"
  s:"T85.5" == t:"T85.5-"
  s:"T85.7" == t:"T85.7-"
  s:"T85.8" == t:"T85.8-"
  s:"T86" == t:"T86.-"
  s:"T86.0" == t:"T86.0-"
  s:"T86.1" == t:"T86.1-"
  s:"T86.4" == t:"T86.4-"
  s:"T86.5" == t:"T86.5-"
  s:"T86.8" == t:"T86.8-"
  s:"T87" == t:"T87.-"
  s:"T88" == t:"T88.-"
  s:"T89" == t:"T89.-"
  s:"T89.0" == t:"T89.0-"
  s:"T90" == t:"T90.-"
  s:"T91" == t:"T91.-"
  s:"T92" == t:"T92.-"
  s:"T93" == t:"T93.-"
  s:"T94" == t:"T94.-"
  s:"T95" == t:"T95.-"
  s:"T98" == t:"T98.-"
  s:"Z00" == t:"Z00.-"
  s:"Z01" == t:"Z01.-"
  s:"Z01.8" == t:"Z01.8-"
  s:"Z03" == t:"Z03.-"
  s:"Z04" == t:"Z04.-"
  s:"Z08" == t:"Z08.-"
  s:"Z09" == t:"Z09.-"
  s:"Z09.8" == t:"Z09.8-"
  s:"Z12" == t:"Z12.-"
  s:"Z13" == t:"Z13.-"
  s:"Z20" == t:"Z20.-"
  s:"Z22" == t:"Z22.-"
  s:"Z23" == t:"Z23.-"
  s:"Z24" == t:"Z24.-"
  s:"Z25" == t:"Z25.-"
  s:"Z26" == t:"Z26.-"
  s:"Z27" == t:"Z27.-"
  s:"Z29" == t:"Z29.-"
  s:"Z29.2" == t:"Z29.2-"
  s:"Z30" == t:"Z30.-"
  s:"Z31" == t:"Z31.-"
  s:"Z35" == t:"Z35.-"
  s:"Z36" == t:"Z36.-"
  s:"Z38" == t:"Z38.-"
  s:"Z39" == t:"Z39.-"
  s:"Z40" == t:"Z40.-"
  s:"Z40.0" == t:"Z40.0-"
  s:"Z41" == t:"Z41.-"
  s:"Z42" == t:"Z42.-"
  s:"Z43" == t:"Z43.-"
  s:"Z43.8" == t:"Z43.8-"
  s:"Z44" == t:"Z44.-"
  s:"Z45" == t:"Z45.-"
  s:"Z45.0" == t:"Z45.0-"
  s:"Z45.2" == t:"Z45.2-"
  s:"Z45.8" == t:"Z45.8-"
  s:"Z46" == t:"Z46.-"
  s:"Z47" == t:"Z47.-"
  s:"Z48" == t:"Z48.-"
  s:"Z49" == t:"Z49.-"
  s:"Z51" == t:"Z51.-"
  s:"Z51.8" == t:"Z51.8-"
  s:"Z52" == t:"Z52.-"
  s:"Z52.0" == t:"Z52.0-"
  s:"Z52.8" == t:"Z52.8-"
  s:"Z64" == t:"Z64.-"
  s:"Z72" == t:"Z72.-"
  s:"Z74" == t:"Z74.-"
  s:"Z75" == t:"Z75.-"
  s:"Z75.6" == t:"Z75.6-"
  s:"Z75.7" == t:"Z75.7-"
  s:"Z76" == t:"Z76.-"
  s:"Z80" == t:"Z80.-"
  s:"Z83" == t:"Z83.-"
  s:"Z84" == t:"Z84.-"
  s:"Z85" == t:"Z85.-"
  s:"Z86" == t:"Z86.-"
  s:"Z87" == t:"Z87.-"
  s:"Z88" == t:"Z88.-"
  s:"Z89" == t:"Z89.-"
  s:"Z90" == t:"Z90.-"
  s:"Z91" == t:"Z91.-"
  s:"Z91.7" == t:"Z91.7-"
  s:"Z92" == t:"Z92.-"
  s:"Z93" == t:"Z93.-"
  s:"Z93.8" == t:"Z93.8-"
  s:"Z94" == t:"Z94.-"
  s:"Z94.8" == t:"Z94.8-"
  s:"Z95" == t:"Z95.-"
  s:"Z95.8" == t:"Z95.8-"
  s:"Z96" == t:"Z96.-"
  s:"Z96.6" == t:"Z96.6-"
  s:"Z96.8" == t:"Z96.8-"
  s:"Z97" == t:"Z97.-"
  s:"Z98" == t:"Z98.-"
  s:"Z99" == t:"Z99.-"
  s:"U04" == t:"U04.-"
  s:"U07" == t:"U07.-"
  s:"U08" == t:"U08.-"
  s:"U10" == t:"U10.-"
  s:"U11" == t:"U11.-"
  s:"U13" == t:"U13.-"
  s:"U14" == t:"U14.-"
  s:"U15" == t:"U15.-"
  s:"U16" == t:"U16.-"
  s:"U17" == t:"U17.-"
  s:"U18" == t:"U18.-"
  s:"U19" == t:"U19.-"
  s:"U20" == t:"U20.-"
  s:"U21" == t:"U21.-"
  s:"U22" == t:"U22.-"
  s:"U23" == t:"U23.-"
  s:"U24" == t:"U24.-"
  s:"U25" == t:"U25.-"
  s:"U26" == t:"U26.-"
  s:"U27" == t:"U27.-"
  s:"U28" == t:"U28.-"
  s:"U29" == t:"U29.-"
  s:"U30" == t:"U30.-"
  s:"U31" == t:"U31.-"
  s:"U32" == t:"U32.-"
  s:"U33" == t:"U33.-"
  s:"U34" == t:"U34.-"
  s:"U35" == t:"U35.-"
  s:"U36" == t:"U36.-"
  s:"U37" == t:"U37.-"
  s:"U38" == t:"U38.-"
  s:"U39" == t:"U39.-"
  s:"U40" == t:"U40.-"
  s:"U41" == t:"U41.-"
  s:"U42" == t:"U42.-"
  s:"U43" == t:"U43.-"
  s:"U44" == t:"U44.-"
  s:"U45" == t:"U45.-"
  s:"U46" == t:"U46.-"
  s:"U47" == t:"U47.-"
  s:"U48" == t:"U48.-"
  s:"U49" == t:"U49.-"
  s:"U50" == t:"U50.-"
  s:"U50.0" == t:"U50.0-"
  s:"U50.1" == t:"U50.1-"
  s:"U50.2" == t:"U50.2-"
  s:"U50.3" == t:"U50.3-"
  s:"U50.4" == t:"U50.4-"
  s:"U50.5" == t:"U50.5-"
  s:"U51" == t:"U51.-"
  s:"U51.0" == t:"U51.0-"
  s:"U51.1" == t:"U51.1-"
  s:"U51.2" == t:"U51.2-"
  s:"U52" == t:"U52.-"
  s:"U55" == t:"U55.-"
  s:"U55.1" == t:"U55.1-"
  s:"U55.2" == t:"U55.2-"
  s:"U55.3" == t:"U55.3-"
}

uses "http://hl7.org/fhir/StructureDefinition/Condition" alias Condition as source

uses "http://research.balgrist.ch/fhir2sphn/StructureDefinition/Content" alias Content as target
uses "http://research.balgrist.ch/fhir2sphn/StructureDefinition/ProblemCondition" alias ProblemCondition as target

imports "http://research.balgrist.ch/fhir2sphn/StructureMap/Utils"


group problemCondition(source condition : Condition, target content: Content) <<types>> {
  condition -> content.ProblemCondition = create('ProblemCondition') as problem then {
    condition.meta as m then refSourceSystem(m, problem);
    condition.id as id -> problem.id = ('Condition/' & %id);
    condition.encounter as encounter -> problem.hasAdministrativeCase = encounter;
    condition.recordedDate as recordedDate -> problem.hasRecordDateTime = recordedDate;

    // code -> hasCode
    condition.code as code then {
      code.coding as coding where $this.system = 'http://hl7.org/fhir/sid/icd-10'-> problem.hasCode as tgtCode then {
        coding.code as c -> translate(c, '#cm-icd10') as cm then {
          // TODO: remove condition once 'unmapped for s == provided' in CM is supported
          c where cm.exists() -> tgtCode.termid = (%cm.code), tgtCode.iri = ('https://biomedit.ch/rdf/sphn-resource/icd-10-gm/' & %cm.code) "i";
          c where cm.exists().not() -> tgtCode.termid = c, tgtCode.iri = ('https://biomedit.ch/rdf/sphn-resource/icd-10-gm/' & c) "icd";
        };
      };
    };

    // note.text -> hasStringValue
    condition.note as note then {
      note.text first as text -> problem.hasStringValue = text;
    };
  } "problemCondition";
}
