map "http://research.balgrist.ch/fhir2sphn/StructureMap/ConditionToProblemCondition" = "ConditionToProblemCondition"

// TODO: remove once fixed with schema 2025.2?
// Workaround: add '-'  suffix for groups
conceptmap "cm-icd10" {
  prefix s = "http://hl7.org/fhir/sid/icd-10"
  prefix t = "https://biomedit.ch/rdf/sphn-resource/icd-10-gm/"
  
  // unmapped for s == provided
  s:"A04.7" == t:"A04.7-"
  s:"A31.8" == t:"A31.8-"
  s:"A41.5" == t:"A41.5-"
  s:"B18.1" == t:"B18.1-"
  s:"B25.8" == t:"B25.8-"
  s:"B37.8" == t:"B37.8-"
  s:"C41.0" == t:"C41.0-"
  s:"C41.3" == t:"C41.3-"
  s:"C79.8" == t:"C79.8-"
  s:"C88.0" == t:"C88.0-"
  s:"C88.2" == t:"C88.2-"
  s:"C88.3" == t:"C88.3-"
  s:"C88.4" == t:"C88.4-"
  s:"C88.7" == t:"C88.7-"
  s:"C88.9" == t:"C88.9-"
  s:"C90.0" == t:"C90.0-"
  s:"C90.1" == t:"C90.1-"
  s:"C90.2" == t:"C90.2-"
  s:"C90.3" == t:"C90.3-"
  s:"C91.0" == t:"C91.0-"
  s:"C91.1" == t:"C91.1-"
  s:"C91.3" == t:"C91.3-"
  s:"C91.4" == t:"C91.4-"
  s:"C91.5" == t:"C91.5-"
  s:"C91.6" == t:"C91.6-"
  s:"C91.7" == t:"C91.7-"
  s:"C91.8" == t:"C91.8-"
  s:"C91.9" == t:"C91.9-"
  s:"C92.0" == t:"C92.0-"
  s:"C92.1" == t:"C92.1-"
  s:"C92.2" == t:"C92.2-"
  s:"C92.3" == t:"C92.3-"
  s:"C92.4" == t:"C92.4-"
  s:"C92.5" == t:"C92.5-"
  s:"C92.6" == t:"C92.6-"
  s:"C92.7" == t:"C92.7-"
  s:"C92.8" == t:"C92.8-"
  s:"C92.9" == t:"C92.9-"
  s:"C93.0" == t:"C93.0-"
  s:"C93.1" == t:"C93.1-"
  s:"C93.3" == t:"C93.3-"
  s:"C93.7" == t:"C93.7-"
  s:"C93.9" == t:"C93.9-"
  s:"C94.0" == t:"C94.0-"
  s:"C94.2" == t:"C94.2-"
  s:"C94.3" == t:"C94.3-"
  s:"C94.4" == t:"C94.4-"
  s:"C94.6" == t:"C94.6-"
  s:"C94.7" == t:"C94.7-"
  s:"C95.0" == t:"C95.0-"
  s:"C95.1" == t:"C95.1-"
  s:"C95.7" == t:"C95.7-"
  s:"C95.9" == t:"C95.9-"
  s:"D16.4" == t:"D16.4-"
  s:"D16.7" == t:"D16.7-"
  s:"D18.0" == t:"D18.0-"
  s:"D18.1" == t:"D18.1-"
  s:"D37.7" == t:"D37.7-"
  s:"D61.1" == t:"D61.1-"
  s:"D68.0" == t:"D68.0-"
  s:"D68.2" == t:"D68.2-"
  s:"D68.3" == t:"D68.3-"
  s:"D69.4" == t:"D69.4-"
  s:"D69.5" == t:"D69.5-"
  s:"D69.6" == t:"D69.6-"
  s:"D69.8" == t:"D69.8-"
  s:"D70.1" == t:"D70.1-"
  s:"E10.0" == t:"E10.0-"
  s:"E10.1" == t:"E10.1-"
  s:"E10.2" == t:"E10.2-"
  s:"E10.3" == t:"E10.3-"
  s:"E10.4" == t:"E10.4-"
  s:"E10.5" == t:"E10.5-"
  s:"E10.6" == t:"E10.6-"
  s:"E10.7" == t:"E10.7-"
  s:"E10.8" == t:"E10.8-"
  s:"E10.9" == t:"E10.9-"
  s:"E11.0" == t:"E11.0-"
  s:"E11.1" == t:"E11.1-"
  s:"E11.2" == t:"E11.2-"
  s:"E11.3" == t:"E11.3-"
  s:"E11.4" == t:"E11.4-"
  s:"E11.5" == t:"E11.5-"
  s:"E11.6" == t:"E11.6-"
  s:"E11.7" == t:"E11.7-"
  s:"E11.8" == t:"E11.8-"
  s:"E11.9" == t:"E11.9-"
  s:"E12.0" == t:"E12.0-"
  s:"E12.1" == t:"E12.1-"
  s:"E12.2" == t:"E12.2-"
  s:"E12.3" == t:"E12.3-"
  s:"E12.4" == t:"E12.4-"
  s:"E12.5" == t:"E12.5-"
  s:"E12.6" == t:"E12.6-"
  s:"E12.7" == t:"E12.7-"
  s:"E12.8" == t:"E12.8-"
  s:"E12.9" == t:"E12.9-"
  s:"E13.0" == t:"E13.0-"
  s:"E13.1" == t:"E13.1-"
  s:"E13.2" == t:"E13.2-"
  s:"E13.3" == t:"E13.3-"
  s:"E13.4" == t:"E13.4-"
  s:"E13.5" == t:"E13.5-"
  s:"E13.6" == t:"E13.6-"
  s:"E13.7" == t:"E13.7-"
  s:"E13.8" == t:"E13.8-"
  s:"E13.9" == t:"E13.9-"
  s:"E14.0" == t:"E14.0-"
  s:"E14.1" == t:"E14.1-"
  s:"E14.2" == t:"E14.2-"
  s:"E14.3" == t:"E14.3-"
  s:"E14.4" == t:"E14.4-"
  s:"E14.5" == t:"E14.5-"
  s:"E14.6" == t:"E14.6-"
  s:"E14.7" == t:"E14.7-"
  s:"E14.8" == t:"E14.8-"
  s:"E14.9" == t:"E14.9-"
  s:"E25.0" == t:"E25.0-"
  s:"E34.5" == t:"E34.5-"
  s:"E66.0" == t:"E66.0-"
  s:"E66.1" == t:"E66.1-"
  s:"E66.2" == t:"E66.2-"
  s:"E66.8" == t:"E66.8-"
  s:"E66.9" == t:"E66.9-"
  s:"E83.3" == t:"E83.3-"
  s:"E83.5" == t:"E83.5-"
  s:"E84.8" == t:"E84.8-"
  s:"E88.2" == t:"E88.2-"
  s:"F40.0" == t:"F40.0-"
  s:"F44.8" == t:"F44.8-"
  s:"F45.3" == t:"F45.3-"
  s:"F45.4" == t:"F45.4-"
  s:"F50.0" == t:"F50.0-"
  s:"F60.3" == t:"F60.3-"
  s:"F62.8" == t:"F62.8-"
  s:"F80.2" == t:"F80.2-"
  s:"F98.0" == t:"F98.0-"
  s:"F98.4" == t:"F98.4-"
  s:"F98.8" == t:"F98.8-"
  s:"G20.0" == t:"G20.0-"
  s:"G20.1" == t:"G20.1-"
  s:"G20.2" == t:"G20.2-"
  s:"G20.9" == t:"G20.9-"
  s:"G25.8" == t:"G25.8-"
  s:"G31.8" == t:"G31.8-"
  s:"G35.1" == t:"G35.1-"
  s:"G35.2" == t:"G35.2-"
  s:"G35.3" == t:"G35.3-"
  s:"G40.0" == t:"G40.0-"
  s:"G45.0" == t:"G45.0-"
  s:"G45.1" == t:"G45.1-"
  s:"G45.2" == t:"G45.2-"
  s:"G45.3" == t:"G45.3-"
  s:"G45.4" == t:"G45.4-"
  s:"G45.8" == t:"G45.8-"
  s:"G45.9" == t:"G45.9-"
  s:"G47.3" == t:"G47.3-"
  s:"G62.8" == t:"G62.8-"
  s:"G72.8" == t:"G72.8-"
  s:"G82.0" == t:"G82.0-"
  s:"G82.1" == t:"G82.1-"
  s:"G82.2" == t:"G82.2-"
  s:"G82.3" == t:"G82.3-"
  s:"G82.4" == t:"G82.4-"
  s:"G82.5" == t:"G82.5-"
  s:"G83.4" == t:"G83.4-"
  s:"G90.0" == t:"G90.0-"
  s:"G90.4" == t:"G90.4-"
  s:"G90.5" == t:"G90.5-"
  s:"G90.6" == t:"G90.6-"
  s:"G90.7" == t:"G90.7-"
  s:"G91.2" == t:"G91.2-"
  s:"G93.8" == t:"G93.8-"
  s:"G94.3" == t:"G94.3-"
  s:"G95.1" == t:"G95.1-"
  s:"G95.8" == t:"G95.8-"
  s:"G97.8" == t:"G97.8-"
  s:"G99.0" == t:"G99.0-"
  s:"H35.3" == t:"H35.3-"
  s:"H58.2" == t:"H58.2-"
  s:"I10.0" == t:"I10.0-"
  s:"I10.1" == t:"I10.1-"
  s:"I10.9" == t:"I10.9-"
  s:"I11.0" == t:"I11.0-"
  s:"I11.9" == t:"I11.9-"
  s:"I12.0" == t:"I12.0-"
  s:"I12.9" == t:"I12.9-"
  s:"I13.0" == t:"I13.0-"
  s:"I13.1" == t:"I13.1-"
  s:"I13.2" == t:"I13.2-"
  s:"I13.9" == t:"I13.9-"
  s:"I15.0" == t:"I15.0-"
  s:"I15.1" == t:"I15.1-"
  s:"I15.2" == t:"I15.2-"
  s:"I15.8" == t:"I15.8-"
  s:"I15.9" == t:"I15.9-"
  s:"I25.1" == t:"I25.1-"
  s:"I25.2" == t:"I25.2-"
  s:"I27.2" == t:"I27.2-"
  s:"I31.8" == t:"I31.8-"
  s:"I34.8" == t:"I34.8-"
  s:"I42.8" == t:"I42.8-"
  s:"I50.0" == t:"I50.0-"
  s:"I50.1" == t:"I50.1-"
  s:"I62.0" == t:"I62.0-"
  s:"I67.1" == t:"I67.1-"
  s:"I67.8" == t:"I67.8-"
  s:"I70.2" == t:"I70.2-"
  s:"I71.0" == t:"I71.0-"
  s:"I77.8" == t:"I77.8-"
  s:"I80.2" == t:"I80.2-"
  s:"I80.8" == t:"I80.8-"
  s:"I82.8" == t:"I82.8-"
  s:"I86.8" == t:"I86.8-"
  s:"I87.0" == t:"I87.0-"
  s:"I87.2" == t:"I87.2-"
  s:"I89.0" == t:"I89.0-"
  s:"I97.2" == t:"I97.2-"
  s:"I97.8" == t:"I97.8-"
  s:"J38.0" == t:"J38.0-"
  s:"J39.8" == t:"J39.8-"
  s:"J44.0" == t:"J44.0-"
  s:"J44.1" == t:"J44.1-"
  s:"J44.8" == t:"J44.8-"
  s:"J44.9" == t:"J44.9-"
  s:"J80.0" == t:"J80.0-"
  s:"J95.8" == t:"J95.8-"
  s:"J96.0" == t:"J96.0-"
  s:"J96.1" == t:"J96.1-"
  s:"J96.9" == t:"J96.9-"
  s:"J98.1" == t:"J98.1-"
  s:"J98.5" == t:"J98.5-"
  s:"J99.2" == t:"J99.2-"
  s:"K08.8" == t:"K08.8-"
  s:"K10.2" == t:"K10.2-"
  s:"K12.2" == t:"K12.2-"
  s:"K22.8" == t:"K22.8-"
  s:"K31.1" == t:"K31.1-"
  s:"K31.8" == t:"K31.8-"
  s:"K35.3" == t:"K35.3-"
  s:"K40.0" == t:"K40.0-"
  s:"K40.1" == t:"K40.1-"
  s:"K40.2" == t:"K40.2-"
  s:"K40.3" == t:"K40.3-"
  s:"K40.4" == t:"K40.4-"
  s:"K40.9" == t:"K40.9-"
  s:"K41.0" == t:"K41.0-"
  s:"K41.1" == t:"K41.1-"
  s:"K41.2" == t:"K41.2-"
  s:"K41.3" == t:"K41.3-"
  s:"K41.4" == t:"K41.4-"
  s:"K41.9" == t:"K41.9-"
  s:"K43.6" == t:"K43.6-"
  s:"K43.7" == t:"K43.7-"
  s:"K43.9" == t:"K43.9-"
  s:"K50.8" == t:"K50.8-"
  s:"K52.3" == t:"K52.3-"
  s:"K55.2" == t:"K55.2-"
  s:"K55.3" == t:"K55.3-"
  s:"K57.0" == t:"K57.0-"
  s:"K57.1" == t:"K57.1-"
  s:"K57.2" == t:"K57.2-"
  s:"K57.3" == t:"K57.3-"
  s:"K57.4" == t:"K57.4-"
  s:"K57.5" == t:"K57.5-"
  s:"K57.8" == t:"K57.8-"
  s:"K57.9" == t:"K57.9-"
  s:"K59.0" == t:"K59.0-"
  s:"K62.5" == t:"K62.5-"
  s:"K65.0" == t:"K65.0-"
  s:"K70.4" == t:"K70.4-"
  s:"K71.8" == t:"K71.8-"
  s:"K72.1" == t:"K72.1-"
  s:"K77.1" == t:"K77.1-"
  s:"K77.2" == t:"K77.2-"
  s:"K80.0" == t:"K80.0-"
  s:"K80.1" == t:"K80.1-"
  s:"K80.2" == t:"K80.2-"
  s:"K80.3" == t:"K80.3-"
  s:"K80.4" == t:"K80.4-"
  s:"K80.5" == t:"K80.5-"
  s:"K80.8" == t:"K80.8-"
  s:"K83.0" == t:"K83.0-"
  s:"K85.0" == t:"K85.0-"
  s:"K85.1" == t:"K85.1-"
  s:"K85.2" == t:"K85.2-"
  s:"K85.3" == t:"K85.3-"
  s:"K85.8" == t:"K85.8-"
  s:"K85.9" == t:"K85.9-"
  s:"K86.8" == t:"K86.8-"
  s:"K91.8" == t:"K91.8-"
  s:"K93.2" == t:"K93.2-"
  s:"K93.3" == t:"K93.3-"
  s:"K93.4" == t:"K93.4-"
  s:"L03.0" == t:"L03.0-"
  s:"L03.1" == t:"L03.1-"
  s:"L51.2" == t:"L51.2-"
  s:"L89.0" == t:"L89.0-"
  s:"L89.1" == t:"L89.1-"
  s:"L89.2" == t:"L89.2-"
  s:"L89.3" == t:"L89.3-"
  s:"L89.9" == t:"L89.9-"
  s:"L99.1" == t:"L99.1-"
  s:"L99.2" == t:"L99.2-"
  s:"M00.0" == t:"M00.0-"
  s:"M00.1" == t:"M00.1-"
  s:"M00.2" == t:"M00.2-"
  s:"M00.8" == t:"M00.8-"
  s:"M00.9" == t:"M00.9-"
  s:"M01.0" == t:"M01.0-"
  s:"M01.1" == t:"M01.1-"
  s:"M01.2" == t:"M01.2-"
  s:"M01.3" == t:"M01.3-"
  s:"M01.4" == t:"M01.4-"
  s:"M01.5" == t:"M01.5-"
  s:"M01.6" == t:"M01.6-"
  s:"M01.8" == t:"M01.8-"
  s:"M02.0" == t:"M02.0-"
  s:"M02.1" == t:"M02.1-"
  s:"M02.2" == t:"M02.2-"
  s:"M02.3" == t:"M02.3-"
  s:"M02.8" == t:"M02.8-"
  s:"M02.9" == t:"M02.9-"
  s:"M03.0" == t:"M03.0-"
  s:"M03.1" == t:"M03.1-"
  s:"M03.2" == t:"M03.2-"
  s:"M03.6" == t:"M03.6-"
  s:"M05.0" == t:"M05.0-"
  s:"M05.1" == t:"M05.1-"
  s:"M05.2" == t:"M05.2-"
  s:"M05.3" == t:"M05.3-"
  s:"M05.8" == t:"M05.8-"
  s:"M05.9" == t:"M05.9-"
  s:"M06.0" == t:"M06.0-"
  s:"M06.1" == t:"M06.1-"
  s:"M06.2" == t:"M06.2-"
  s:"M06.3" == t:"M06.3-"
  s:"M06.4" == t:"M06.4-"
  s:"M06.8" == t:"M06.8-"
  s:"M06.9" == t:"M06.9-"
  s:"M07.0" == t:"M07.0-"
  s:"M07.1" == t:"M07.1-"
  s:"M07.3" == t:"M07.3-"
  s:"M07.4" == t:"M07.4-"
  s:"M07.5" == t:"M07.5-"
  s:"M07.6" == t:"M07.6-"
  s:"M08.0" == t:"M08.0-"
  s:"M08.1" == t:"M08.1-"
  s:"M08.2" == t:"M08.2-"
  s:"M08.4" == t:"M08.4-"
  s:"M08.7" == t:"M08.7-"
  s:"M08.8" == t:"M08.8-"
  s:"M08.9" == t:"M08.9-"
  s:"M09.0" == t:"M09.0-"
  s:"M09.1" == t:"M09.1-"
  s:"M09.2" == t:"M09.2-"
  s:"M09.8" == t:"M09.8-"
  s:"M10.0" == t:"M10.0-"
  s:"M10.1" == t:"M10.1-"
  s:"M10.2" == t:"M10.2-"
  s:"M10.3" == t:"M10.3-"
  s:"M10.4" == t:"M10.4-"
  s:"M10.9" == t:"M10.9-"
  s:"M11.0" == t:"M11.0-"
  s:"M11.1" == t:"M11.1-"
  s:"M11.2" == t:"M11.2-"
  s:"M11.8" == t:"M11.8-"
  s:"M11.9" == t:"M11.9-"
  s:"M12.0" == t:"M12.0-"
  s:"M12.1" == t:"M12.1-"
  s:"M12.2" == t:"M12.2-"
  s:"M12.3" == t:"M12.3-"
  s:"M12.4" == t:"M12.4-"
  s:"M12.5" == t:"M12.5-"
  s:"M12.8" == t:"M12.8-"
  s:"M13.1" == t:"M13.1-"
  s:"M13.8" == t:"M13.8-"
  s:"M13.9" == t:"M13.9-"
  s:"M14.0" == t:"M14.0-"
  s:"M14.1" == t:"M14.1-"
  s:"M14.2" == t:"M14.2-"
  s:"M14.3" == t:"M14.3-"
  s:"M14.4" == t:"M14.4-"
  s:"M14.5" == t:"M14.5-"
  s:"M14.6" == t:"M14.6-"
  s:"M14.8" == t:"M14.8-"
  s:"M19.0" == t:"M19.0-"
  s:"M19.1" == t:"M19.1-"
  s:"M19.2" == t:"M19.2-"
  s:"M19.8" == t:"M19.8-"
  s:"M19.9" == t:"M19.9-"
  s:"M21.0" == t:"M21.0-"
  s:"M21.1" == t:"M21.1-"
  s:"M21.2" == t:"M21.2-"
  s:"M21.3" == t:"M21.3-"
  s:"M21.5" == t:"M21.5-"
  s:"M21.6" == t:"M21.6-"
  s:"M21.7" == t:"M21.7-"
  s:"M21.8" == t:"M21.8-"
  s:"M21.9" == t:"M21.9-"
  s:"M23.0" == t:"M23.0-"
  s:"M23.1" == t:"M23.1-"
  s:"M23.2" == t:"M23.2-"
  s:"M23.3" == t:"M23.3-"
  s:"M23.5" == t:"M23.5-"
  s:"M23.6" == t:"M23.6-"
  s:"M23.8" == t:"M23.8-"
  s:"M23.9" == t:"M23.9-"
  s:"M24.0" == t:"M24.0-"
  s:"M24.1" == t:"M24.1-"
  s:"M24.2" == t:"M24.2-"
  s:"M24.3" == t:"M24.3-"
  s:"M24.4" == t:"M24.4-"
  s:"M24.5" == t:"M24.5-"
  s:"M24.6" == t:"M24.6-"
  s:"M24.8" == t:"M24.8-"
  s:"M24.9" == t:"M24.9-"
  s:"M25.0" == t:"M25.0-"
  s:"M25.1" == t:"M25.1-"
  s:"M25.2" == t:"M25.2-"
  s:"M25.3" == t:"M25.3-"
  s:"M25.4" == t:"M25.4-"
  s:"M25.5" == t:"M25.5-"
  s:"M25.6" == t:"M25.6-"
  s:"M25.7" == t:"M25.7-"
  s:"M25.8" == t:"M25.8-"
  s:"M25.9" == t:"M25.9-"
  s:"M36.5" == t:"M36.5-"
  s:"M40.0" == t:"M40.0-"
  s:"M40.1" == t:"M40.1-"
  s:"M40.2" == t:"M40.2-"
  s:"M40.3" == t:"M40.3-"
  s:"M40.4" == t:"M40.4-"
  s:"M40.5" == t:"M40.5-"
  s:"M41.0" == t:"M41.0-"
  s:"M41.1" == t:"M41.1-"
  s:"M41.2" == t:"M41.2-"
  s:"M41.3" == t:"M41.3-"
  s:"M41.4" == t:"M41.4-"
  s:"M41.5" == t:"M41.5-"
  s:"M41.8" == t:"M41.8-"
  s:"M41.9" == t:"M41.9-"
  s:"M42.0" == t:"M42.0-"
  s:"M42.1" == t:"M42.1-"
  s:"M42.9" == t:"M42.9-"
  s:"M43.0" == t:"M43.0-"
  s:"M43.1" == t:"M43.1-"
  s:"M43.2" == t:"M43.2-"
  s:"M43.5" == t:"M43.5-"
  s:"M43.8" == t:"M43.8-"
  s:"M43.9" == t:"M43.9-"
  s:"M45.0" == t:"M45.0-"
  s:"M46.0" == t:"M46.0-"
  s:"M46.2" == t:"M46.2-"
  s:"M46.3" == t:"M46.3-"
  s:"M46.4" == t:"M46.4-"
  s:"M46.5" == t:"M46.5-"
  s:"M46.8" == t:"M46.8-"
  s:"M46.9" == t:"M46.9-"
  s:"M47.0" == t:"M47.0-"
  s:"M47.1" == t:"M47.1-"
  s:"M47.2" == t:"M47.2-"
  s:"M47.8" == t:"M47.8-"
  s:"M47.9" == t:"M47.9-"
  s:"M48.0" == t:"M48.0-"
  s:"M48.1" == t:"M48.1-"
  s:"M48.2" == t:"M48.2-"
  s:"M48.3" == t:"M48.3-"
  s:"M48.4" == t:"M48.4-"
  s:"M48.5" == t:"M48.5-"
  s:"M48.8" == t:"M48.8-"
  s:"M48.9" == t:"M48.9-"
  s:"M49.0" == t:"M49.0-"
  s:"M49.1" == t:"M49.1-"
  s:"M49.2" == t:"M49.2-"
  s:"M49.3" == t:"M49.3-"
  s:"M49.4" == t:"M49.4-"
  s:"M49.5" == t:"M49.5-"
  s:"M49.8" == t:"M49.8-"
  s:"M53.2" == t:"M53.2-"
  s:"M53.8" == t:"M53.8-"
  s:"M53.9" == t:"M53.9-"
  s:"M54.0" == t:"M54.0-"
  s:"M54.1" == t:"M54.1-"
  s:"M54.8" == t:"M54.8-"
  s:"M54.9" == t:"M54.9-"
  s:"M60.0" == t:"M60.0-"
  s:"M60.1" == t:"M60.1-"
  s:"M60.2" == t:"M60.2-"
  s:"M60.8" == t:"M60.8-"
  s:"M60.9" == t:"M60.9-"
  s:"M61.0" == t:"M61.0-"
  s:"M61.1" == t:"M61.1-"
  s:"M61.2" == t:"M61.2-"
  s:"M61.3" == t:"M61.3-"
  s:"M61.4" == t:"M61.4-"
  s:"M61.5" == t:"M61.5-"
  s:"M61.9" == t:"M61.9-"
  s:"M62.0" == t:"M62.0-"
  s:"M62.1" == t:"M62.1-"
  s:"M62.2" == t:"M62.2-"
  s:"M62.3" == t:"M62.3-"
  s:"M62.4" == t:"M62.4-"
  s:"M62.5" == t:"M62.5-"
  s:"M62.6" == t:"M62.6-"
  s:"M62.8" == t:"M62.8-"
  s:"M62.9" == t:"M62.9-"
  s:"M63.0" == t:"M63.0-"
  s:"M63.1" == t:"M63.1-"
  s:"M63.2" == t:"M63.2-"
  s:"M63.3" == t:"M63.3-"
  s:"M63.8" == t:"M63.8-"
  s:"M65.0" == t:"M65.0-"
  s:"M65.1" == t:"M65.1-"
  s:"M65.2" == t:"M65.2-"
  s:"M65.8" == t:"M65.8-"
  s:"M65.9" == t:"M65.9-"
  s:"M66.1" == t:"M66.1-"
  s:"M66.2" == t:"M66.2-"
  s:"M66.3" == t:"M66.3-"
  s:"M66.4" == t:"M66.4-"
  s:"M66.5" == t:"M66.5-"
  s:"M67.1" == t:"M67.1-"
  s:"M67.2" == t:"M67.2-"
  s:"M67.3" == t:"M67.3-"
  s:"M67.4" == t:"M67.4-"
  s:"M67.8" == t:"M67.8-"
  s:"M67.9" == t:"M67.9-"
  s:"M68.0" == t:"M68.0-"
  s:"M68.8" == t:"M68.8-"
  s:"M71.0" == t:"M71.0-"
  s:"M71.1" == t:"M71.1-"
  s:"M71.3" == t:"M71.3-"
  s:"M71.4" == t:"M71.4-"
  s:"M71.5" == t:"M71.5-"
  s:"M71.8" == t:"M71.8-"
  s:"M71.9" == t:"M71.9-"
  s:"M72.4" == t:"M72.4-"
  s:"M72.6" == t:"M72.6-"
  s:"M72.8" == t:"M72.8-"
  s:"M72.9" == t:"M72.9-"
  s:"M73.0" == t:"M73.0-"
  s:"M73.1" == t:"M73.1-"
  s:"M73.8" == t:"M73.8-"
  s:"M79.0" == t:"M79.0-"
  s:"M79.1" == t:"M79.1-"
  s:"M79.2" == t:"M79.2-"
  s:"M79.3" == t:"M79.3-"
  s:"M79.4" == t:"M79.4-"
  s:"M79.5" == t:"M79.5-"
  s:"M79.6" == t:"M79.6-"
  s:"M79.7" == t:"M79.7-"
  s:"M79.8" == t:"M79.8-"
  s:"M79.9" == t:"M79.9-"
  s:"M80.0" == t:"M80.0-"
  s:"M80.1" == t:"M80.1-"
  s:"M80.2" == t:"M80.2-"
  s:"M80.3" == t:"M80.3-"
  s:"M80.4" == t:"M80.4-"
  s:"M80.5" == t:"M80.5-"
  s:"M80.8" == t:"M80.8-"
  s:"M80.9" == t:"M80.9-"
  s:"M81.0" == t:"M81.0-"
  s:"M81.1" == t:"M81.1-"
  s:"M81.2" == t:"M81.2-"
  s:"M81.3" == t:"M81.3-"
  s:"M81.4" == t:"M81.4-"
  s:"M81.5" == t:"M81.5-"
  s:"M81.6" == t:"M81.6-"
  s:"M81.8" == t:"M81.8-"
  s:"M81.9" == t:"M81.9-"
  s:"M82.0" == t:"M82.0-"
  s:"M82.1" == t:"M82.1-"
  s:"M82.8" == t:"M82.8-"
  s:"M83.0" == t:"M83.0-"
  s:"M83.1" == t:"M83.1-"
  s:"M83.2" == t:"M83.2-"
  s:"M83.3" == t:"M83.3-"
  s:"M83.4" == t:"M83.4-"
  s:"M83.5" == t:"M83.5-"
  s:"M83.8" == t:"M83.8-"
  s:"M83.9" == t:"M83.9-"
  s:"M84.0" == t:"M84.0-"
  s:"M84.1" == t:"M84.1-"
  s:"M84.2" == t:"M84.2-"
  s:"M84.3" == t:"M84.3-"
  s:"M84.4" == t:"M84.4-"
  s:"M84.8" == t:"M84.8-"
  s:"M84.9" == t:"M84.9-"
  s:"M85.0" == t:"M85.0-"
  s:"M85.1" == t:"M85.1-"
  s:"M85.3" == t:"M85.3-"
  s:"M85.4" == t:"M85.4-"
  s:"M85.5" == t:"M85.5-"
  s:"M85.6" == t:"M85.6-"
  s:"M85.8" == t:"M85.8-"
  s:"M85.9" == t:"M85.9-"
  s:"M86.0" == t:"M86.0-"
  s:"M86.1" == t:"M86.1-"
  s:"M86.2" == t:"M86.2-"
  s:"M86.3" == t:"M86.3-"
  s:"M86.4" == t:"M86.4-"
  s:"M86.5" == t:"M86.5-"
  s:"M86.6" == t:"M86.6-"
  s:"M86.8" == t:"M86.8-"
  s:"M86.9" == t:"M86.9-"
  s:"M87.0" == t:"M87.0-"
  s:"M87.1" == t:"M87.1-"
  s:"M87.2" == t:"M87.2-"
  s:"M87.3" == t:"M87.3-"
  s:"M87.8" == t:"M87.8-"
  s:"M87.9" == t:"M87.9-"
  s:"M88.8" == t:"M88.8-"
  s:"M88.9" == t:"M88.9-"
  s:"M89.0" == t:"M89.0-"
  s:"M89.1" == t:"M89.1-"
  s:"M89.2" == t:"M89.2-"
  s:"M89.3" == t:"M89.3-"
  s:"M89.4" == t:"M89.4-"
  s:"M89.5" == t:"M89.5-"
  s:"M89.6" == t:"M89.6-"
  s:"M89.8" == t:"M89.8-"
  s:"M89.9" == t:"M89.9-"
  s:"M90.0" == t:"M90.0-"
  s:"M90.1" == t:"M90.1-"
  s:"M90.2" == t:"M90.2-"
  s:"M90.3" == t:"M90.3-"
  s:"M90.4" == t:"M90.4-"
  s:"M90.5" == t:"M90.5-"
  s:"M90.6" == t:"M90.6-"
  s:"M90.7" == t:"M90.7-"
  s:"M90.8" == t:"M90.8-"
  s:"M93.2" == t:"M93.2-"
  s:"M93.8" == t:"M93.8-"
  s:"M94.2" == t:"M94.2-"
  s:"M94.3" == t:"M94.3-"
  s:"M94.8" == t:"M94.8-"
  s:"M94.9" == t:"M94.9-"
  s:"M96.8" == t:"M96.8-"
  s:"M99.0" == t:"M99.0-"
  s:"M99.1" == t:"M99.1-"
  s:"M99.2" == t:"M99.2-"
  s:"M99.3" == t:"M99.3-"
  s:"M99.4" == t:"M99.4-"
  s:"M99.5" == t:"M99.5-"
  s:"M99.6" == t:"M99.6-"
  s:"M99.7" == t:"M99.7-"
  s:"M99.8" == t:"M99.8-"
  s:"M99.9" == t:"M99.9-"
  s:"N13.2" == t:"N13.2-"
  s:"N13.6" == t:"N13.6-"
  s:"N15.1" == t:"N15.1-"
  s:"N17.0" == t:"N17.0-"
  s:"N17.1" == t:"N17.1-"
  s:"N17.2" == t:"N17.2-"
  s:"N17.8" == t:"N17.8-"
  s:"N17.9" == t:"N17.9-"
  s:"N18.8" == t:"N18.8-"
  s:"N28.8" == t:"N28.8-"
  s:"N31.8" == t:"N31.8-"
  s:"N39.4" == t:"N39.4-"
  s:"N39.8" == t:"N39.8-"
  s:"N48.3" == t:"N48.3-"
  s:"N49.8" == t:"N49.8-"
  s:"N76.8" == t:"N76.8-"
  s:"N77.2" == t:"N77.2-"
  s:"N82.8" == t:"N82.8-"
  s:"N99.1" == t:"N99.1-"
  s:"O26.6" == t:"O26.6-"
  s:"O26.8" == t:"O26.8-"
  s:"O34.3" == t:"O34.3-"
  s:"O42.1" == t:"O42.1-"
  s:"O42.2" == t:"O42.2-"
  s:"O43.2" == t:"O43.2-"
  s:"O44.0" == t:"O44.0-"
  s:"O44.1" == t:"O44.1-"
  s:"O88.2" == t:"O88.2-"
  s:"O91.0" == t:"O91.0-"
  s:"O91.1" == t:"O91.1-"
  s:"O91.2" == t:"O91.2-"
  s:"O92.0" == t:"O92.0-"
  s:"O92.1" == t:"O92.1-"
  s:"O92.2" == t:"O92.2-"
  s:"O92.3" == t:"O92.3-"
  s:"O92.4" == t:"O92.4-"
  s:"O92.5" == t:"O92.5-"
  s:"O92.6" == t:"O92.6-"
  s:"O92.7" == t:"O92.7-"
  s:"P07.0" == t:"P07.0-"
  s:"P07.1" == t:"P07.1-"
  s:"P11.5" == t:"P11.5-"
  s:"P91.8" == t:"P91.8-"
  s:"Q21.8" == t:"Q21.8-"
  s:"Q28.0" == t:"Q28.0-"
  s:"Q28.1" == t:"Q28.1-"
  s:"Q28.2" == t:"Q28.2-"
  s:"Q28.3" == t:"Q28.3-"
  s:"Q28.8" == t:"Q28.8-"
  s:"Q43.4" == t:"Q43.4-"
  s:"Q76.2" == t:"Q76.2-"
  s:"Q82.0" == t:"Q82.0-"
  s:"Q83.8" == t:"Q83.8-"
  s:"Q86.8" == t:"Q86.8-"
  s:"Q89.0" == t:"Q89.0-"
  s:"R02.0" == t:"R02.0-"
  s:"R06.8" == t:"R06.8-"
  s:"R19.8" == t:"R19.8-"
  s:"R50.8" == t:"R50.8-"
  s:"R77.8" == t:"R77.8-"
  s:"S00.0" == t:"S00.0-"
  s:"S00.2" == t:"S00.2-"
  s:"S00.3" == t:"S00.3-"
  s:"S00.4" == t:"S00.4-"
  s:"S00.5" == t:"S00.5-"
  s:"S00.8" == t:"S00.8-"
  s:"S00.9" == t:"S00.9-"
  s:"S01.2" == t:"S01.2-"
  s:"S01.3" == t:"S01.3-"
  s:"S01.4" == t:"S01.4-"
  s:"S01.5" == t:"S01.5-"
  s:"S01.8" == t:"S01.8-"
  s:"S02.6" == t:"S02.6-"
  s:"S06.2" == t:"S06.2-"
  s:"S06.3" == t:"S06.3-"
  s:"S10.1" == t:"S10.1-"
  s:"S10.8" == t:"S10.8-"
  s:"S10.9" == t:"S10.9-"
  s:"S11.0" == t:"S11.0-"
  s:"S11.2" == t:"S11.2-"
  s:"S11.8" == t:"S11.8-"
  s:"S12.2" == t:"S12.2-"
  s:"S13.1" == t:"S13.1-"
  s:"S14.1" == t:"S14.1-"
  s:"S15.0" == t:"S15.0-"
  s:"S15.8" == t:"S15.8-"
  s:"S19.8" == t:"S19.8-"
  s:"S20.1" == t:"S20.1-"
  s:"S20.3" == t:"S20.3-"
  s:"S20.4" == t:"S20.4-"
  s:"S20.8" == t:"S20.8-"
  s:"S21.8" == t:"S21.8-"
  s:"S22.0" == t:"S22.0-"
  s:"S22.2" == t:"S22.2-"
  s:"S22.3" == t:"S22.3-"
  s:"S22.4" == t:"S22.4-"
  s:"S23.1" == t:"S23.1-"
  s:"S24.1" == t:"S24.1-"
  s:"S25.8" == t:"S25.8-"
  s:"S26.8" == t:"S26.8-"
  s:"S27.3" == t:"S27.3-"
  s:"S27.8" == t:"S27.8-"
  s:"S29.8" == t:"S29.8-"
  s:"S30.8" == t:"S30.8-"
  s:"S31.8" == t:"S31.8-"
  s:"S32.0" == t:"S32.0-"
  s:"S32.8" == t:"S32.8-"
  s:"S33.1" == t:"S33.1-"
  s:"S33.5" == t:"S33.5-"
  s:"S34.1" == t:"S34.1-"
  s:"S34.3" == t:"S34.3-"
  s:"S35.8" == t:"S35.8-"
  s:"S36.0" == t:"S36.0-"
  s:"S36.1" == t:"S36.1-"
  s:"S36.2" == t:"S36.2-"
  s:"S36.4" == t:"S36.4-"
  s:"S36.5" == t:"S36.5-"
  s:"S36.8" == t:"S36.8-"
  s:"S37.0" == t:"S37.0-"
  s:"S37.2" == t:"S37.2-"
  s:"S37.3" == t:"S37.3-"
  s:"S37.8" == t:"S37.8-"
  s:"S39.8" == t:"S39.8-"
  s:"S40.8" == t:"S40.8-"
  s:"S41.8" == t:"S41.8-"
  s:"S42.0" == t:"S42.0-"
  s:"S42.1" == t:"S42.1-"
  s:"S42.2" == t:"S42.2-"
  s:"S42.4" == t:"S42.4-"
  s:"S43.0" == t:"S43.0-"
  s:"S50.8" == t:"S50.8-"
  s:"S51.8" == t:"S51.8-"
  s:"S52.0" == t:"S52.0-"
  s:"S52.1" == t:"S52.1-"
  s:"S52.2" == t:"S52.2-"
  s:"S52.3" == t:"S52.3-"
  s:"S52.5" == t:"S52.5-"
  s:"S53.1" == t:"S53.1-"
  s:"S53.4" == t:"S53.4-"
  s:"S60.8" == t:"S60.8-"
  s:"S61.8" == t:"S61.8-"
  s:"S62.1" == t:"S62.1-"
  s:"S62.2" == t:"S62.2-"
  s:"S62.3" == t:"S62.3-"
  s:"S62.5" == t:"S62.5-"
  s:"S62.6" == t:"S62.6-"
  s:"S63.0" == t:"S63.0-"
  s:"S63.1" == t:"S63.1-"
  s:"S63.5" == t:"S63.5-"
  s:"S63.6" == t:"S63.6-"
  s:"S70.8" == t:"S70.8-"
  s:"S71.8" == t:"S71.8-"
  s:"S72.0" == t:"S72.0-"
  s:"S72.1" == t:"S72.1-"
  s:"S72.4" == t:"S72.4-"
  s:"S73.0" == t:"S73.0-"
  s:"S73.1" == t:"S73.1-"
  s:"S80.8" == t:"S80.8-"
  s:"S81.8" == t:"S81.8-"
  s:"S82.1" == t:"S82.1-"
  s:"S82.2" == t:"S82.2-"
  s:"S82.3" == t:"S82.3-"
  s:"S82.4" == t:"S82.4-"
  s:"S82.8" == t:"S82.8-"
  s:"S83.1" == t:"S83.1-"
  s:"S83.4" == t:"S83.4-"
  s:"S83.5" == t:"S83.5-"
  s:"S90.8" == t:"S90.8-"
  s:"S91.8" == t:"S91.8-"
  s:"S92.2" == t:"S92.2-"
  s:"S93.1" == t:"S93.1-"
  s:"S93.3" == t:"S93.3-"
  s:"S93.4" == t:"S93.4-"
  s:"T02.0" == t:"T02.0-"
  s:"T02.1" == t:"T02.1-"
  s:"T02.2" == t:"T02.2-"
  s:"T02.3" == t:"T02.3-"
  s:"T02.4" == t:"T02.4-"
  s:"T02.5" == t:"T02.5-"
  s:"T02.6" == t:"T02.6-"
  s:"T02.7" == t:"T02.7-"
  s:"T02.8" == t:"T02.8-"
  s:"T02.9" == t:"T02.9-"
  s:"T09.0" == t:"T09.0-"
  s:"T11.0" == t:"T11.0-"
  s:"T13.0" == t:"T13.0-"
  s:"T14.0" == t:"T14.0-"
  s:"T14.2" == t:"T14.2-"
  s:"T20.2" == t:"T20.2-"
  s:"T20.6" == t:"T20.6-"
  s:"T21.0" == t:"T21.0-"
  s:"T21.1" == t:"T21.1-"
  s:"T21.2" == t:"T21.2-"
  s:"T21.3" == t:"T21.3-"
  s:"T21.4" == t:"T21.4-"
  s:"T21.5" == t:"T21.5-"
  s:"T21.6" == t:"T21.6-"
  s:"T21.7" == t:"T21.7-"
  s:"T21.8" == t:"T21.8-"
  s:"T21.9" == t:"T21.9-"
  s:"T22.0" == t:"T22.0-"
  s:"T22.1" == t:"T22.1-"
  s:"T22.2" == t:"T22.2-"
  s:"T22.3" == t:"T22.3-"
  s:"T22.4" == t:"T22.4-"
  s:"T22.5" == t:"T22.5-"
  s:"T22.6" == t:"T22.6-"
  s:"T22.7" == t:"T22.7-"
  s:"T22.8" == t:"T22.8-"
  s:"T22.9" == t:"T22.9-"
  s:"T23.2" == t:"T23.2-"
  s:"T23.6" == t:"T23.6-"
  s:"T24.2" == t:"T24.2-"
  s:"T24.6" == t:"T24.6-"
  s:"T25.2" == t:"T25.2-"
  s:"T25.6" == t:"T25.6-"
  s:"T29.2" == t:"T29.2-"
  s:"T29.6" == t:"T29.6-"
  s:"T30.2" == t:"T30.2-"
  s:"T30.6" == t:"T30.6-"
  s:"T79.6" == t:"T79.6-"
  s:"T84.0" == t:"T84.0-"
  s:"T84.1" == t:"T84.1-"
  s:"T84.2" == t:"T84.2-"
  s:"T85.5" == t:"T85.5-"
  s:"T85.7" == t:"T85.7-"
  s:"T85.8" == t:"T85.8-"
  s:"T86.0" == t:"T86.0-"
  s:"T86.1" == t:"T86.1-"
  s:"T86.4" == t:"T86.4-"
  s:"T86.5" == t:"T86.5-"
  s:"T86.8" == t:"T86.8-"
  s:"T89.0" == t:"T89.0-"
  s:"Z01.8" == t:"Z01.8-"
  s:"Z09.8" == t:"Z09.8-"
  s:"Z29.2" == t:"Z29.2-"
  s:"Z40.0" == t:"Z40.0-"
  s:"Z43.8" == t:"Z43.8-"
  s:"Z45.0" == t:"Z45.0-"
  s:"Z45.2" == t:"Z45.2-"
  s:"Z45.8" == t:"Z45.8-"
  s:"Z51.8" == t:"Z51.8-"
  s:"Z52.0" == t:"Z52.0-"
  s:"Z52.8" == t:"Z52.8-"
  s:"Z75.6" == t:"Z75.6-"
  s:"Z75.7" == t:"Z75.7-"
  s:"Z91.7" == t:"Z91.7-"
  s:"Z93.8" == t:"Z93.8-"
  s:"Z94.8" == t:"Z94.8-"
  s:"Z95.8" == t:"Z95.8-"
  s:"Z96.6" == t:"Z96.6-"
  s:"Z96.8" == t:"Z96.8-"
  s:"U50.0" == t:"U50.0-"
  s:"U50.1" == t:"U50.1-"
  s:"U50.2" == t:"U50.2-"
  s:"U50.3" == t:"U50.3-"
  s:"U50.4" == t:"U50.4-"
  s:"U50.5" == t:"U50.5-"
  s:"U51.0" == t:"U51.0-"
  s:"U51.1" == t:"U51.1-"
  s:"U51.2" == t:"U51.2-"
  s:"U55.1" == t:"U55.1-"
  s:"U55.2" == t:"U55.2-"
  s:"U55.3" == t:"U55.3-"
}

uses "http://hl7.org/fhir/StructureDefinition/Condition" alias Condition as source

uses "http://research.balgrist.ch/fhir2sphn/StructureDefinition/Content" alias Content as target
uses "http://research.balgrist.ch/fhir2sphn/StructureDefinition/ProblemCondition" alias ProblemCondition as target

imports "http://research.balgrist.ch/fhir2sphn/StructureMap/Utils"


group problemCondition(source condition : Condition, target content: Content) <<types>> {
  condition -> content.ProblemCondition = create('ProblemCondition') as problem then {
    condition.meta as m then refSourceSystem(m, problem);
    condition.id as id -> problem.id = ('Condition/' & %id);
    condition.encounter as encounter -> problem.hasAdministrativeCase = encounter;
    condition.recordedDate as recordedDate -> problem.hasRecordDateTime = recordedDate;

    // code -> hasCode
    condition.code as code then {
      code.coding as coding where $this.system = 'http://hl7.org/fhir/sid/icd-10'-> problem.hasCode as tgtCode then {
        coding.code as c -> translate(c, '#cm-icd10') as cm then {
          // TODO: remove condition once 'unmapped for s == provided' in CM is supported
          c where cm.exists() -> tgtCode.termid = (%cm.code), tgtCode.iri = ('https://biomedit.ch/rdf/sphn-resource/icd-10-gm/' & %cm.code) "i";
          c where cm.exists().not() -> tgtCode.termid = c, tgtCode.iri = ('https://biomedit.ch/rdf/sphn-resource/icd-10-gm/' & c) "icd";
        };
      };
    };

    // note.text -> hasStringValue
    condition.note as note then {
      note.text first as text -> problem.hasStringValue = text;
    };
  } "problemCondition";
}
