map "http://research.balgrist.ch/fhir2sphn/StructureMap/ImagingStudyToImagingProcedure" = "ImagingStudyToImagingProcedure"

conceptmap "cm-acquisitionModality" {
  prefix s = "http://dicom.nema.org/resources/ontology/DCM"
  prefix t = "http://snomed.info/id"
  s:XA == t:77343006     // X-Ray Angiography -> Angiography
  s:CT == t:77477000     // Computed Tomography
  s:MR == t:113091000    // Magnetic Resonance -> Magnetic resonance imaging
  s:US == t:16310003     // Ultrasound -> Medical ultrasonography
  s:RF == t:44491008     // Radiofluoroscopy -> Fluoroscopy
  s:DX == t:168537006    // Digital Radiography -> Plain radiography
  s:CR == t:168537006    // Computed Radiography -> Plain radiography (same target as DX)
  // s:ES, s:OT, s:SR, s:PR omitted: Other, SR Document, and Presentation State
  // are not imaging acquisition procedures, so there's no valid
  // descendant of 363679005 to map them to
}

// DICOM Patient Position (0018,5100) -> SPHN BodyPosition.hasCode.
// SPHN pins hasCode to owl:unionOf ( dcm:126830 dcm:126831 dcm:126832 dcm:126833
// snomed:9851009 ). snomed:9851009 is "Body position finding", a hierarchy root, so any
// descendant is allowed; the four dcm codes are CID 21 entry-orientation terms
// (left/right/posterior/anterior first), which are a different axis and not used here.
//
// Note: the head-first / feet-first half of the DICOM term is table direction, not body
// position. SPHN's BodyPosition has no slot for it (hasCode is maxCardinality 1), so it is
// deliberately dropped - HFS and FFS both mean supine.
conceptmap "cm-patientPosition" {
  prefix s = "http://dicom.nema.org/resources/ontology/DCM"
  prefix t = "http://snomed.info/sct"
  s:HFS == t:40199007     // head first-supine   -> Supine body position
  s:FFS == t:40199007     // feet first-supine   -> Supine body position
  s:HFP == t:1240000      // head first-prone    -> Prone body position
  s:FFP == t:1240000      // feet first-prone    -> Prone body position
  s:HFDR == t:102535000   // head first-decubitus right -> Right lateral decubitus
  s:FFDR == t:102535000
  s:HFDL == t:102536004   // head first-decubitus left  -> Left lateral decubitus
  s:FFDL == t:102536004
}

uses "http://hl7.org/fhir/StructureDefinition/ImagingStudy" alias ImagingStudy as source

uses "http://research.balgrist.ch/fhir2sphn/StructureDefinition/SPHN-Content" alias Content as target
uses "http://research.balgrist.ch/fhir2sphn/StructureDefinition/SPHN-ImagingProcedure" alias ImagingProcedure as target
uses "http://research.balgrist.ch/fhir2sphn/StructureDefinition/SPHN-ImagingSeries" alias ImagingSeries as target
uses "http://research.balgrist.ch/fhir2sphn/StructureDefinition/SPHN-BodyPosition" alias BodyPosition as target

imports "http://research.balgrist.ch/fhir2sphn/StructureMap/Utils"

group imagingProcedure(source imagingStudy: ImagingStudy, target content: Content) <<types>>{
    // Empty studies are not mapped. A study is skipped unless it has all three of:
    // - started (SPHN hasStartDateTime is 1..1), with no fallback to series[].started;
    // - a study modality in cm-acquisitionModality (SPHN hasCode is 1..*), keep this list in
    //   sync with the concept map;
    // - at least one in-scope series, i.e. one the series rules below would emit (same DCM
    //   list as the non-MR series rule).
    imagingStudy where started.exists()
        and modality.where(code in ('XA' | 'CT' | 'MR' | 'US' | 'RF' | 'DX' | 'CR')).exists()
        and series.where(modality.code in ('AR' | 'BDUS' | 'BI' | 'BMD' | 'CFM' | 'CR' | 'CT' | 'DG' | 'DMS' | 'DX' | 'ECG' | 'EEG' | 'EMG' | 'EOG' | 'EPS' | 'ES' | 'GM' | 'HD' | 'IO' | 'IVOCT' | 'IVUS' | 'KER' | 'LEN' | 'LS' | 'MG' | 'MR' | 'NM' | 'OAM' | 'OCT' | 'OP' | 'OPM' | 'OPT' | 'OPTBSV' | 'OPTENF' | 'OPV' | 'OSS' | 'PA' | 'POS' | 'PT' | 'PX' | 'RESP' | 'RF' | 'RG' | 'RTIMAGE' | 'SM' | 'SRF' | 'TG' | 'US' | 'VA' | 'XA' | 'XC')).exists()
      -> content.ImagingProcedure = create('ImagingProcedure') as imgproc then {
        imagingStudy.meta as m then refSourceSystem(m, imgproc);
        imagingStudy.identifier as id where id.use = 'secondary' -> imgproc.id = ('ImagingProcedure/' & %id.value);
        imagingStudy.started as startDate -> imgproc.hasStartDateTime = startDate;
        // One SPHN Code (iri + termid) per mappable modality; hasCode is 1..* on
        // ImagingProcedure. CR and DX share a target, so a study listing both would get the
        // code twice; the Balgrist export carries one modality per study, so no dedup.
        imagingStudy.modality as modality where code in ('XA' | 'CT' | 'MR' | 'US' | 'RF' | 'DX' | 'CR') -> translate(modality, '#cm-acquisitionModality') as cm,
            imgproc.hasCode as code, code.termid = (%cm.code), code.iri = (%cm.system & '/' & %cm.code) "hasCode";

        // The SPHN modality-specific series classes (CT, MR, PET, X-Ray) are flattened into
        // SPHN-ImagingSeries in the logical model, so both branches create the same type and
        // record the real SPHN class in target_concept. Only the MR branch carries
        // hasBodyPosition, which the body-position-modality-only invariant permits.
        imagingStudy.series as srcSeries where srcSeries.modality.code = 'MR' -> imgproc.hasImagingSeries = create('ImagingSeries') as tgtSeries, tgtSeries.target_concept = 'https://biomedit.ch/rdf/sphn-schema/sphn#MagneticResonanceImagingSeries' then {
            // Guarded: without this, every MR series produces an empty BodyPosition whose
            // hasCode satisfies neither branch of code-iri-or-codingSystem.
            srcSeries where extension.where(extension.where(url = 'tag').valueString = '00185100').exists() -> tgtSeries.hasBodyPosition = create('BodyPosition') as tgtBodyPosition then bodyPosition(srcSeries, tgtBodyPosition) "bodyPosition";
            // SPHN requires hasSourceSystem (1..*) on every series; taken from the study.
            imagingStudy.meta as m then refSourceSystem(m, tgtSeries) "seriesSourceSystemMR";
            srcSeries -> tgtSeries then imagingSeries(srcSeries, tgtSeries) "commonSeries";
        } "mapSeriesMR";
        // Series whose modality is outside the DCM part of SPHN's hasImagingModalityCode union
        // (e.g. OT, SR, PR) are out of scope and skipped entirely. MR is in the list, so the
        // MR branch above needs no such filter.
        imagingStudy.series as srcSeries where srcSeries.modality.code != 'MR' and srcSeries.modality.code in ('AR' | 'BDUS' | 'BI' | 'BMD' | 'CFM' | 'CR' | 'CT' | 'DG' | 'DMS' | 'DX' | 'ECG' | 'EEG' | 'EMG' | 'EOG' | 'EPS' | 'ES' | 'GM' | 'HD' | 'IO' | 'IVOCT' | 'IVUS' | 'KER' | 'LEN' | 'LS' | 'MG' | 'MR' | 'NM' | 'OAM' | 'OCT' | 'OP' | 'OPM' | 'OPT' | 'OPTBSV' | 'OPTENF' | 'OPV' | 'OSS' | 'PA' | 'POS' | 'PT' | 'PX' | 'RESP' | 'RF' | 'RG' | 'RTIMAGE' | 'SM' | 'SRF' | 'TG' | 'US' | 'VA' | 'XA' | 'XC') -> imgproc.hasImagingSeries = create('ImagingSeries') as tgtSeries, tgtSeries.target_concept = 'https://biomedit.ch/rdf/sphn-schema/sphn#ImagingSeries' then {
            imagingStudy.meta as m then refSourceSystem(m, tgtSeries) "seriesSourceSystem";
            srcSeries -> tgtSeries then imagingSeries(srcSeries, tgtSeries) "defaultSeries";
        } "mapSeriesDefault";

    } "ImagingProcedure";
}

/*
What to map and from where:
DataFile: discuss
EndDateTime: Not direct mappable, must be derivated
ImagingFrame: Instance from ImagingStudy.series.instance
ImagingModalityCode: Modality field from ImagingStudy.series 
MedicalDevice: inside extension from ImagingStudy.series
NumberOfFrames: (should be part of instance, and not series?)
ProtocolName: check the meaning
SourceSystem: discuss
SubjectPseudoIdentifier: should be part of content
*/
group imagingSeries(source series, target tgtSeries: ImagingSeries) {
    series.uid as uid -> tgtSeries.id = ('ImagingSeries/' & %uid);
    series.description as seriesDesc -> tgtSeries.hasDescription = seriesDesc;
    series.started as seriesStartdate -> tgtSeries.hasStartDateTime = seriesStartdate;
    // The DICOM modality is kept as a dcm: code in SPHN Code shape (MR series are pinned to
    // dcm:MR). The calling rules only pass series whose modality SPHN allows.
    series.modality as modality -> tgtSeries.hasImagingModalityCode as code, code.termid = (%modality.code), code.iri = ('http://dicom.nema.org/resources/ontology/DCM/' & %modality.code) "modalityCode";
    series.numberOfInstances as seriesNFrames -> tgtSeries.hasNumberOfFrames as nFrames then {
        seriesNFrames -> nFrames.id = uuid(), nFrames.hasValue = seriesNFrames, nFrames.hasUnit as unit then imaging_unit_number(nFrames, unit) "unit_rule";
    } "valueQuantity_fhirQuantity";

    //series -> tgtSeries then imagingFrames(series, tgtSeries) "frames";
}

// Reads DICOM Patient Position (0018,5100), which is the tag actually populated on the
// series in the test data. The previously used Patient Orientation Code Sequence
// (0054,0410) occurs on only one series in the whole bundle, and that one is DX, not MR.
//
// hasCodingSystemAndVersion + hasIdentifier is the branch of the code-iri-or-codingSystem
// invariant used here (same shape as ConditionToNursingDiagnosis), so both must be set.
group bodyPosition(source series, target tgtBodyPosition: BodyPosition) {
    series.extension as dicomExt
      where url = 'https://research.balgrist.ch/HDR/fhir/StructureDefinition/DICOM'
        and extension.where(url = 'tag').valueString = '00185100'
      -> tgtBodyPosition.hasCode as bodyPositionCode then {
        dicomExt -> bodyPositionCode.id = uuid(),
            evaluate(dicomExt, extension.where(url = 'value').valueString) as posTerm,
            translate(posTerm, '#cm-patientPosition') as cm,
            bodyPositionCode.hasCodingSystemAndVersion = (%cm.system),
            bodyPositionCode.hasIdentifier = (%cm.code) "bodyPosition_rule";
    } "hasCode";
}

// TODO: ImagingFrame mapping, from series.instance.
// The five SPHN frame classes will be flattened the same way as the series: the base
// ImagingFrame has 9 properties, the CT / MR / X-Ray frames are property-identical to each
// other (base + hasContrastAgentAdministrationEvent, hasContrastAgentPhase,
// hasSynchronization), and the PET frame is the only real outlier. So one group here is
// enough, with target_concept distinguishing the class.
group imagingFrames(source series, target tgtSeries: ImagingSeries) {
    // TODO
}